2025-09-26 01:13:19.986 INFO: ===========VERIFYING SETTINGS===========
2025-09-26 01:13:19.986 INFO: MACE version: 0.3.13
2025-09-26 01:13:19.986 INFO: CUDA version: 12.1, CUDA device: 0
2025-09-26 01:13:19.993 INFO: ===========LOADING INPUT DATA===========
2025-09-26 01:13:19.993 INFO: Using heads: ['Default']
2025-09-26 01:13:19.993 INFO: =============    Processing head Default     ===========
2025-09-26 01:13:19.993 INFO: Total number of configurations: train=2520, valid=630, 
2025-09-26 01:13:20.032 INFO: Atomic Numbers used: [83]
2025-09-26 01:13:20.033 INFO: Computing average Atomic Energies using least squares regression
2025-09-26 01:13:20.060 INFO: Atomic Energies used (z: eV) for head Default: {83: -5841.105900452627}
2025-09-26 01:13:20.993 INFO: Computing average number of neighbors
2025-09-26 01:13:21.881 INFO: Average number of neighbors: 7.864441072331815
2025-09-26 01:13:21.881 INFO: During training the following quantities will be reported: energy, forces
2025-09-26 01:13:21.881 INFO: ===========MODEL DETAILS===========
2025-09-26 01:13:21.882 INFO: Building model
2025-09-26 01:13:21.882 INFO: Message passing with 128 channels and max_L=1 (128x0e+128x1o)
2025-09-26 01:13:21.883 INFO: 2 layers, each with correlation order: 3 (body order: 4) and spherical harmonics up to: l=3
2025-09-26 01:13:21.883 INFO: 8 radial and 5 basis functions
2025-09-26 01:13:21.883 INFO: Radial cutoff: 9.0 A (total receptive field for each atom: 18.0 A)
2025-09-26 01:13:21.883 INFO: Distance transform for radial basis functions: None
2025-09-26 01:13:21.883 INFO: Hidden irreps: 128x0e+128x1o
2025-09-26 01:13:24.075 INFO: Total number of parameters: 509618
2025-09-26 01:13:24.075 INFO: 
2025-09-26 01:13:24.075 INFO: ===========OPTIMIZER INFORMATION===========
2025-09-26 01:13:24.075 INFO: Using ADAM as parameter optimizer
2025-09-26 01:13:24.075 INFO: Batch size: 32
2025-09-26 01:13:24.075 INFO: Using Exponential Moving Average with decay: 0.99
2025-09-26 01:13:24.075 INFO: Number of gradient updates: 23625
2025-09-26 01:13:24.075 INFO: Learning rate: 0.01, weight decay: 5e-07
2025-09-26 01:13:24.075 INFO: WeightedEnergyForcesLoss(energy_weight=1.000, forces_weight=100.000)
2025-09-26 01:13:24.077 INFO: Using gradient clipping with tolerance=10.000
2025-09-26 01:13:24.077 INFO: 
2025-09-26 01:13:24.077 INFO: ===========TRAINING===========
2025-09-26 01:13:24.077 INFO: Started training, reporting errors on validation set
2025-09-26 01:13:24.077 INFO: Loss metrics on validation set
2025-09-26 01:13:25.533 INFO: Initial: head: validation, loss=1.79759848, MAE_E=15394.42 meV, MAE_F=  454.08 meV / A
2025-09-26 01:13:34.215 INFO: Epoch 0: head: train, loss=0.38134986, MAE_E= 3889.01 meV, MAE_F=  240.95 meV / A
2025-09-26 01:13:35.444 INFO: Epoch 0: head: validation, loss=0.40616463, MAE_E= 3901.06 meV, MAE_F=  245.30 meV / A
2025-09-26 01:13:44.015 INFO: Epoch 1: head: train, loss=0.40538224, MAE_E= 4375.11 meV, MAE_F=  246.54 meV / A
2025-09-26 01:13:45.061 INFO: Epoch 1: head: validation, loss=0.40826285, MAE_E= 4385.20 meV, MAE_F=  248.72 meV / A
2025-09-26 01:13:53.572 INFO: Epoch 2: head: train, loss=0.26511073, MAE_E= 5161.40 meV, MAE_F=  191.44 meV / A
2025-09-26 01:13:54.644 INFO: Epoch 2: head: validation, loss=0.28267759, MAE_E= 5175.44 meV, MAE_F=  196.16 meV / A
2025-09-26 01:14:03.779 INFO: Epoch 3: head: train, loss=0.20852219, MAE_E= 4848.62 meV, MAE_F=  168.30 meV / A
2025-09-26 01:14:04.974 INFO: Epoch 3: head: validation, loss=0.22411437, MAE_E= 4849.33 meV, MAE_F=  173.18 meV / A
2025-09-26 01:14:13.696 INFO: Epoch 4: head: train, loss=0.16310051, MAE_E= 4591.03 meV, MAE_F=  146.72 meV / A
2025-09-26 01:14:14.749 INFO: Epoch 4: head: validation, loss=0.17554838, MAE_E= 4598.91 meV, MAE_F=  151.10 meV / A
2025-09-26 01:14:23.483 INFO: Epoch 5: head: train, loss=0.14567972, MAE_E= 4638.59 meV, MAE_F=  139.67 meV / A
2025-09-26 01:14:24.550 INFO: Epoch 5: head: validation, loss=0.15865976, MAE_E= 4643.97 meV, MAE_F=  145.12 meV / A
2025-09-26 01:14:33.061 INFO: Epoch 6: head: train, loss=0.12826201, MAE_E= 4725.33 meV, MAE_F=  128.05 meV / A
2025-09-26 01:14:34.082 INFO: Epoch 6: head: validation, loss=0.13725787, MAE_E= 4738.05 meV, MAE_F=  131.20 meV / A
2025-09-26 01:14:42.903 INFO: Epoch 7: head: train, loss=0.10297429, MAE_E= 4498.09 meV, MAE_F=  112.17 meV / A
2025-09-26 01:14:44.096 INFO: Epoch 7: head: validation, loss=0.10990516, MAE_E= 4511.42 meV, MAE_F=  115.04 meV / A
2025-09-26 01:14:52.835 INFO: Epoch 8: head: train, loss=0.08472361, MAE_E= 4144.11 meV, MAE_F=   98.71 meV / A
2025-09-26 01:14:54.028 INFO: Epoch 8: head: validation, loss=0.09081212, MAE_E= 4161.88 meV, MAE_F=  101.67 meV / A
2025-09-26 01:15:02.983 INFO: Epoch 9: head: train, loss=0.07792566, MAE_E= 3962.88 meV, MAE_F=   93.83 meV / A
2025-09-26 01:15:04.027 INFO: Epoch 9: head: validation, loss=0.08469431, MAE_E= 3976.36 meV, MAE_F=   97.69 meV / A
2025-09-26 01:15:12.803 INFO: Epoch 10: head: train, loss=0.07000151, MAE_E= 3850.77 meV, MAE_F=   86.97 meV / A
2025-09-26 01:15:14.011 INFO: Epoch 10: head: validation, loss=0.07654412, MAE_E= 3872.21 meV, MAE_F=   90.92 meV / A
2025-09-26 01:15:22.904 INFO: Epoch 11: head: train, loss=0.06208643, MAE_E= 3758.41 meV, MAE_F=   80.40 meV / A
2025-09-26 01:15:24.121 INFO: Epoch 11: head: validation, loss=0.06841813, MAE_E= 3777.98 meV, MAE_F=   83.95 meV / A
2025-09-26 01:15:33.045 INFO: Epoch 12: head: train, loss=0.06419151, MAE_E= 3734.51 meV, MAE_F=   83.84 meV / A
2025-09-26 01:15:34.279 INFO: Epoch 12: head: validation, loss=0.07084243, MAE_E= 3746.60 meV, MAE_F=   87.75 meV / A
2025-09-26 01:15:43.172 INFO: Epoch 13: head: train, loss=0.06433788, MAE_E= 3598.12 meV, MAE_F=   85.62 meV / A
2025-09-26 01:15:44.235 INFO: Epoch 13: head: validation, loss=0.07183908, MAE_E= 3605.25 meV, MAE_F=   90.24 meV / A
2025-09-26 01:15:53.033 INFO: Epoch 14: head: train, loss=0.04976312, MAE_E= 3125.76 meV, MAE_F=   72.23 meV / A
2025-09-26 01:15:54.212 INFO: Epoch 14: head: validation, loss=0.05748568, MAE_E= 3134.35 meV, MAE_F=   77.59 meV / A
2025-09-26 01:16:02.955 INFO: Epoch 15: head: train, loss=0.04012827, MAE_E= 2658.59 meV, MAE_F=   64.67 meV / A
2025-09-26 01:16:04.140 INFO: Epoch 15: head: validation, loss=0.04837377, MAE_E= 2673.26 meV, MAE_F=   70.39 meV / A
2025-09-26 01:16:12.987 INFO: Epoch 16: head: train, loss=0.03492149, MAE_E= 2462.64 meV, MAE_F=   61.09 meV / A
2025-09-26 01:16:14.169 INFO: Epoch 16: head: validation, loss=0.04350015, MAE_E= 2474.46 meV, MAE_F=   67.07 meV / A
2025-09-26 01:16:22.918 INFO: Epoch 17: head: train, loss=0.03204706, MAE_E= 2325.41 meV, MAE_F=   58.32 meV / A
2025-09-26 01:16:23.952 INFO: Epoch 17: head: validation, loss=0.04074999, MAE_E= 2340.25 meV, MAE_F=   64.77 meV / A
2025-09-26 01:16:32.577 INFO: Epoch 18: head: train, loss=0.02601624, MAE_E= 2017.19 meV, MAE_F=   53.52 meV / A
2025-09-26 01:16:33.618 INFO: Epoch 18: head: validation, loss=0.03610151, MAE_E= 2024.63 meV, MAE_F=   61.13 meV / A
2025-09-26 01:16:42.206 INFO: Epoch 19: head: train, loss=0.02136470, MAE_E= 1735.44 meV, MAE_F=   49.31 meV / A
2025-09-26 01:16:43.239 INFO: Epoch 19: head: validation, loss=0.03244221, MAE_E= 1745.06 meV, MAE_F=   58.34 meV / A
2025-09-26 01:16:52.169 INFO: Epoch 20: head: train, loss=0.01902652, MAE_E= 1599.29 meV, MAE_F=   47.34 meV / A
2025-09-26 01:16:53.234 INFO: Epoch 20: head: validation, loss=0.03066251, MAE_E= 1608.40 meV, MAE_F=   57.10 meV / A
2025-09-26 01:17:02.068 INFO: Epoch 21: head: train, loss=0.01614861, MAE_E= 1428.17 meV, MAE_F=   43.77 meV / A
2025-09-26 01:17:03.256 INFO: Epoch 21: head: validation, loss=0.02841533, MAE_E= 1437.03 meV, MAE_F=   54.53 meV / A
2025-09-26 01:17:12.189 INFO: Epoch 22: head: train, loss=0.01378370, MAE_E= 1247.37 meV, MAE_F=   40.73 meV / A
2025-09-26 01:17:13.452 INFO: Epoch 22: head: validation, loss=0.02641094, MAE_E= 1253.71 meV, MAE_F=   52.33 meV / A
2025-09-26 01:17:22.142 INFO: Epoch 23: head: train, loss=0.01236469, MAE_E= 1211.71 meV, MAE_F=   38.89 meV / A
2025-09-26 01:17:23.315 INFO: Epoch 23: head: validation, loss=0.02538163, MAE_E= 1220.96 meV, MAE_F=   51.11 meV / A
2025-09-26 01:17:32.137 INFO: Epoch 24: head: train, loss=0.01098144, MAE_E= 1102.82 meV, MAE_F=   36.64 meV / A
2025-09-26 01:17:33.335 INFO: Epoch 24: head: validation, loss=0.02443449, MAE_E= 1113.02 meV, MAE_F=   49.69 meV / A
2025-09-26 01:17:41.977 INFO: Epoch 25: head: train, loss=0.00967925, MAE_E= 1016.30 meV, MAE_F=   34.37 meV / A
2025-09-26 01:17:42.990 INFO: Epoch 25: head: validation, loss=0.02365614, MAE_E= 1023.44 meV, MAE_F=   48.37 meV / A
2025-09-26 01:17:51.860 INFO: Epoch 26: head: train, loss=0.00878654, MAE_E=  967.54 meV, MAE_F=   32.96 meV / A
2025-09-26 01:17:53.100 INFO: Epoch 26: head: validation, loss=0.02292813, MAE_E=  976.84 meV, MAE_F=   47.39 meV / A
2025-09-26 01:18:01.674 INFO: Epoch 27: head: train, loss=0.00806526, MAE_E=  910.20 meV, MAE_F=   31.66 meV / A
2025-09-26 01:18:02.854 INFO: Epoch 27: head: validation, loss=0.02254725, MAE_E=  919.72 meV, MAE_F=   46.69 meV / A
2025-09-26 01:18:11.498 INFO: Epoch 28: head: train, loss=0.00722862, MAE_E=  865.80 meV, MAE_F=   29.96 meV / A
2025-09-26 01:18:12.548 INFO: Epoch 28: head: validation, loss=0.02192520, MAE_E=  874.72 meV, MAE_F=   45.62 meV / A
2025-09-26 01:18:21.500 INFO: Epoch 29: head: train, loss=0.00648662, MAE_E=  811.99 meV, MAE_F=   28.43 meV / A
2025-09-26 01:18:22.718 INFO: Epoch 29: head: validation, loss=0.02140577, MAE_E=  818.96 meV, MAE_F=   44.75 meV / A
2025-09-26 01:18:31.540 INFO: Epoch 30: head: train, loss=0.00586585, MAE_E=  767.39 meV, MAE_F=   27.08 meV / A
2025-09-26 01:18:32.796 INFO: Epoch 30: head: validation, loss=0.02102665, MAE_E=  773.33 meV, MAE_F=   43.92 meV / A
2025-09-26 01:18:41.911 INFO: Epoch 31: head: train, loss=0.00544119, MAE_E=  744.63 meV, MAE_F=   26.24 meV / A
2025-09-26 01:18:43.109 INFO: Epoch 31: head: validation, loss=0.02073074, MAE_E=  752.58 meV, MAE_F=   43.39 meV / A
2025-09-26 01:18:51.994 INFO: Epoch 32: head: train, loss=0.00501288, MAE_E=  729.81 meV, MAE_F=   25.27 meV / A
2025-09-26 01:18:53.213 INFO: Epoch 32: head: validation, loss=0.02054550, MAE_E=  737.83 meV, MAE_F=   42.92 meV / A
2025-09-26 01:19:01.746 INFO: Epoch 33: head: train, loss=0.00461805, MAE_E=  703.97 meV, MAE_F=   24.22 meV / A
2025-09-26 01:19:02.791 INFO: Epoch 33: head: validation, loss=0.02019170, MAE_E=  711.41 meV, MAE_F=   42.18 meV / A
2025-09-26 01:19:11.691 INFO: Epoch 34: head: train, loss=0.00435386, MAE_E=  687.97 meV, MAE_F=   23.45 meV / A
2025-09-26 01:19:12.781 INFO: Epoch 34: head: validation, loss=0.01996510, MAE_E=  697.32 meV, MAE_F=   41.77 meV / A
2025-09-26 01:19:21.695 INFO: Epoch 35: head: train, loss=0.00405051, MAE_E=  660.00 meV, MAE_F=   22.66 meV / A
2025-09-26 01:19:22.938 INFO: Epoch 35: head: validation, loss=0.01977563, MAE_E=  668.48 meV, MAE_F=   41.21 meV / A
2025-09-26 01:19:31.646 INFO: Epoch 36: head: train, loss=0.00379621, MAE_E=  638.43 meV, MAE_F=   21.94 meV / A
2025-09-26 01:19:32.904 INFO: Epoch 36: head: validation, loss=0.01951103, MAE_E=  648.63 meV, MAE_F=   40.67 meV / A
2025-09-26 01:19:41.522 INFO: Epoch 37: head: train, loss=0.00349608, MAE_E=  622.35 meV, MAE_F=   21.19 meV / A
2025-09-26 01:19:42.603 INFO: Epoch 37: head: validation, loss=0.01936283, MAE_E=  628.84 meV, MAE_F=   40.19 meV / A
2025-09-26 01:19:51.228 INFO: Epoch 38: head: train, loss=0.00326117, MAE_E=  593.97 meV, MAE_F=   20.48 meV / A
2025-09-26 01:19:52.258 INFO: Epoch 38: head: validation, loss=0.01925124, MAE_E=  601.88 meV, MAE_F=   39.85 meV / A
2025-09-26 01:20:00.998 INFO: Epoch 39: head: train, loss=0.00301043, MAE_E=  564.35 meV, MAE_F=   19.72 meV / A
2025-09-26 01:20:02.218 INFO: Epoch 39: head: validation, loss=0.01928464, MAE_E=  571.24 meV, MAE_F=   39.66 meV / A
2025-09-26 01:20:11.053 INFO: Epoch 40: head: train, loss=0.00286705, MAE_E=  563.26 meV, MAE_F=   19.26 meV / A
2025-09-26 01:20:12.076 INFO: Epoch 40: head: validation, loss=0.01919201, MAE_E=  569.67 meV, MAE_F=   39.39 meV / A
2025-09-26 01:20:20.888 INFO: Epoch 41: head: train, loss=0.00270641, MAE_E=  555.48 meV, MAE_F=   18.69 meV / A
2025-09-26 01:20:21.950 INFO: Epoch 41: head: validation, loss=0.01915613, MAE_E=  561.91 meV, MAE_F=   39.16 meV / A
2025-09-26 01:20:30.688 INFO: Epoch 42: head: train, loss=0.00258244, MAE_E=  541.92 meV, MAE_F=   18.27 meV / A
2025-09-26 01:20:31.710 INFO: Epoch 42: head: validation, loss=0.01910709, MAE_E=  548.73 meV, MAE_F=   38.87 meV / A
2025-09-26 01:20:40.769 INFO: Epoch 43: head: train, loss=0.00248115, MAE_E=  533.71 meV, MAE_F=   17.99 meV / A
2025-09-26 01:20:41.939 INFO: Epoch 43: head: validation, loss=0.01897512, MAE_E=  542.57 meV, MAE_F=   38.69 meV / A
2025-09-26 01:20:50.879 INFO: Epoch 44: head: train, loss=0.00236062, MAE_E=  513.50 meV, MAE_F=   17.63 meV / A
2025-09-26 01:20:52.087 INFO: Epoch 44: head: validation, loss=0.01892715, MAE_E=  522.03 meV, MAE_F=   38.59 meV / A
2025-09-26 01:21:00.902 INFO: Epoch 45: head: train, loss=0.00230731, MAE_E=  524.07 meV, MAE_F=   17.51 meV / A
2025-09-26 01:21:02.138 INFO: Epoch 45: head: validation, loss=0.01875555, MAE_E=  530.51 meV, MAE_F=   38.28 meV / A
2025-09-26 01:21:11.008 INFO: Epoch 46: head: train, loss=0.00228736, MAE_E=  538.07 meV, MAE_F=   17.43 meV / A
2025-09-26 01:21:12.240 INFO: Epoch 46: head: validation, loss=0.01875556, MAE_E=  546.15 meV, MAE_F=   38.26 meV / A
2025-09-26 01:21:21.198 INFO: Epoch 47: head: train, loss=0.00220893, MAE_E=  533.24 meV, MAE_F=   17.01 meV / A
2025-09-26 01:21:22.262 INFO: Epoch 47: head: validation, loss=0.01881623, MAE_E=  540.72 meV, MAE_F=   38.14 meV / A
2025-09-26 01:21:31.023 INFO: Epoch 48: head: train, loss=0.00215714, MAE_E=  523.66 meV, MAE_F=   16.93 meV / A
2025-09-26 01:21:32.223 INFO: Epoch 48: head: validation, loss=0.01870818, MAE_E=  531.90 meV, MAE_F=   38.04 meV / A
2025-09-26 01:21:41.062 INFO: Epoch 49: head: train, loss=0.00205566, MAE_E=  498.67 meV, MAE_F=   16.50 meV / A
2025-09-26 01:21:42.151 INFO: Epoch 49: head: validation, loss=0.01866418, MAE_E=  505.52 meV, MAE_F=   37.79 meV / A
2025-09-26 01:21:51.050 INFO: Epoch 50: head: train, loss=0.00189442, MAE_E=  475.36 meV, MAE_F=   15.90 meV / A
2025-09-26 01:21:52.281 INFO: Epoch 50: head: validation, loss=0.01857380, MAE_E=  482.70 meV, MAE_F=   37.53 meV / A
2025-09-26 01:22:01.302 INFO: Epoch 51: head: train, loss=0.00172248, MAE_E=  444.52 meV, MAE_F=   15.20 meV / A
2025-09-26 01:22:03.279 INFO: Epoch 51: head: validation, loss=0.01863672, MAE_E=  452.50 meV, MAE_F=   37.34 meV / A
2025-09-26 01:22:12.025 INFO: Epoch 52: head: train, loss=0.00158397, MAE_E=  418.79 meV, MAE_F=   14.63 meV / A
2025-09-26 01:22:13.083 INFO: Epoch 52: head: validation, loss=0.01875601, MAE_E=  427.44 meV, MAE_F=   37.19 meV / A
2025-09-26 01:22:21.764 INFO: Epoch 53: head: train, loss=0.00148442, MAE_E=  396.26 meV, MAE_F=   14.23 meV / A
2025-09-26 01:22:22.798 INFO: Epoch 53: head: validation, loss=0.01867748, MAE_E=  403.75 meV, MAE_F=   36.92 meV / A
2025-09-26 01:22:31.539 INFO: Epoch 54: head: train, loss=0.00141156, MAE_E=  386.37 meV, MAE_F=   13.91 meV / A
2025-09-26 01:22:32.762 INFO: Epoch 54: head: validation, loss=0.01864848, MAE_E=  394.73 meV, MAE_F=   36.74 meV / A
2025-09-26 01:22:41.739 INFO: Epoch 55: head: train, loss=0.00134004, MAE_E=  367.97 meV, MAE_F=   13.59 meV / A
2025-09-26 01:22:43.318 INFO: Epoch 55: head: validation, loss=0.01867862, MAE_E=  375.06 meV, MAE_F=   36.64 meV / A
2025-09-26 01:22:52.510 INFO: Epoch 56: head: train, loss=0.00128345, MAE_E=  367.03 meV, MAE_F=   13.27 meV / A
2025-09-26 01:22:53.770 INFO: Epoch 56: head: validation, loss=0.01870377, MAE_E=  375.60 meV, MAE_F=   36.48 meV / A
2025-09-26 01:23:02.484 INFO: Epoch 57: head: train, loss=0.00123555, MAE_E=  360.20 meV, MAE_F=   13.07 meV / A
2025-09-26 01:23:03.555 INFO: Epoch 57: head: validation, loss=0.01863818, MAE_E=  369.00 meV, MAE_F=   36.36 meV / A
2025-09-26 01:23:12.238 INFO: Epoch 58: head: train, loss=0.00119629, MAE_E=  350.44 meV, MAE_F=   12.88 meV / A
2025-09-26 01:23:13.496 INFO: Epoch 58: head: validation, loss=0.01865614, MAE_E=  357.81 meV, MAE_F=   36.29 meV / A
2025-09-26 01:23:22.260 INFO: Epoch 59: head: train, loss=0.00117189, MAE_E=  347.33 meV, MAE_F=   12.75 meV / A
2025-09-26 01:23:23.330 INFO: Epoch 59: head: validation, loss=0.01855862, MAE_E=  356.11 meV, MAE_F=   36.15 meV / A
2025-09-26 01:23:32.164 INFO: Epoch 60: head: train, loss=0.00114435, MAE_E=  347.29 meV, MAE_F=   12.61 meV / A
2025-09-26 01:23:33.232 INFO: Epoch 60: head: validation, loss=0.01853246, MAE_E=  353.92 meV, MAE_F=   36.02 meV / A
2025-09-26 01:23:41.927 INFO: Epoch 61: head: train, loss=0.00110254, MAE_E=  340.47 meV, MAE_F=   12.41 meV / A
2025-09-26 01:23:42.987 INFO: Epoch 61: head: validation, loss=0.01840474, MAE_E=  347.74 meV, MAE_F=   35.82 meV / A
2025-09-26 01:23:51.763 INFO: Epoch 62: head: train, loss=0.00107860, MAE_E=  332.03 meV, MAE_F=   12.29 meV / A
2025-09-26 01:23:52.979 INFO: Epoch 62: head: validation, loss=0.01827487, MAE_E=  340.64 meV, MAE_F=   35.66 meV / A
2025-09-26 01:24:01.876 INFO: Epoch 63: head: train, loss=0.00103942, MAE_E=  329.20 meV, MAE_F=   12.10 meV / A
2025-09-26 01:24:03.076 INFO: Epoch 63: head: validation, loss=0.01827378, MAE_E=  337.25 meV, MAE_F=   35.54 meV / A
2025-09-26 01:24:11.814 INFO: Epoch 64: head: train, loss=0.00100681, MAE_E=  324.64 meV, MAE_F=   11.95 meV / A
2025-09-26 01:24:12.921 INFO: Epoch 64: head: validation, loss=0.01834134, MAE_E=  332.66 meV, MAE_F=   35.48 meV / A
2025-09-26 01:24:21.809 INFO: Epoch 65: head: train, loss=0.00097075, MAE_E=  320.89 meV, MAE_F=   11.76 meV / A
2025-09-26 01:24:23.004 INFO: Epoch 65: head: validation, loss=0.01836813, MAE_E=  329.34 meV, MAE_F=   35.43 meV / A
2025-09-26 01:24:31.966 INFO: Epoch 66: head: train, loss=0.00094331, MAE_E=  306.65 meV, MAE_F=   11.52 meV / A
2025-09-26 01:24:33.184 INFO: Epoch 66: head: validation, loss=0.01843178, MAE_E=  316.43 meV, MAE_F=   35.37 meV / A
2025-09-26 01:24:41.940 INFO: Epoch 67: head: train, loss=0.00091966, MAE_E=  296.74 meV, MAE_F=   11.39 meV / A
2025-09-26 01:24:43.133 INFO: Epoch 67: head: validation, loss=0.01835805, MAE_E=  304.95 meV, MAE_F=   35.26 meV / A
2025-09-26 01:24:52.120 INFO: Epoch 68: head: train, loss=0.00090972, MAE_E=  298.07 meV, MAE_F=   11.39 meV / A
2025-09-26 01:24:53.341 INFO: Epoch 68: head: validation, loss=0.01837621, MAE_E=  305.88 meV, MAE_F=   35.28 meV / A
2025-09-26 01:25:02.133 INFO: Epoch 69: head: train, loss=0.00087657, MAE_E=  290.93 meV, MAE_F=   11.19 meV / A
2025-09-26 01:25:03.374 INFO: Epoch 69: head: validation, loss=0.01838779, MAE_E=  298.57 meV, MAE_F=   35.21 meV / A
2025-09-26 01:25:12.416 INFO: Epoch 70: head: train, loss=0.00083409, MAE_E=  283.56 meV, MAE_F=   10.94 meV / A
2025-09-26 01:25:13.656 INFO: Epoch 70: head: validation, loss=0.01837312, MAE_E=  291.59 meV, MAE_F=   35.12 meV / A
2025-09-26 01:25:22.294 INFO: Epoch 71: head: train, loss=0.00079634, MAE_E=  271.62 meV, MAE_F=   10.74 meV / A
2025-09-26 01:25:23.323 INFO: Epoch 71: head: validation, loss=0.01843506, MAE_E=  280.97 meV, MAE_F=   35.06 meV / A
2025-09-26 01:25:32.228 INFO: Epoch 72: head: train, loss=0.00076445, MAE_E=  268.10 meV, MAE_F=   10.52 meV / A
2025-09-26 01:25:33.430 INFO: Epoch 72: head: validation, loss=0.01851151, MAE_E=  275.12 meV, MAE_F=   34.99 meV / A
2025-09-26 01:25:42.297 INFO: Epoch 73: head: train, loss=0.00074222, MAE_E=  264.36 meV, MAE_F=   10.37 meV / A
2025-09-26 01:25:43.515 INFO: Epoch 73: head: validation, loss=0.01858786, MAE_E=  271.47 meV, MAE_F=   34.94 meV / A
2025-09-26 01:25:52.360 INFO: Epoch 74: head: train, loss=0.00071113, MAE_E=  253.42 meV, MAE_F=   10.16 meV / A
2025-09-26 01:25:53.429 INFO: Epoch 74: head: validation, loss=0.01858338, MAE_E=  261.36 meV, MAE_F=   34.88 meV / A
2025-09-26 01:26:02.171 INFO: Epoch 75: head: train, loss=0.00069815, MAE_E=  250.30 meV, MAE_F=   10.07 meV / A
2025-09-26 01:26:03.210 INFO: Epoch 75: head: validation, loss=0.01857631, MAE_E=  258.25 meV, MAE_F=   34.83 meV / A
2025-09-26 01:26:11.866 INFO: Epoch 76: head: train, loss=0.00067572, MAE_E=  240.84 meV, MAE_F=    9.95 meV / A
2025-09-26 01:26:13.099 INFO: Epoch 76: head: validation, loss=0.01863117, MAE_E=  248.25 meV, MAE_F=   34.81 meV / A
2025-09-26 01:26:21.787 INFO: Epoch 77: head: train, loss=0.00066010, MAE_E=  233.91 meV, MAE_F=    9.81 meV / A
2025-09-26 01:26:22.953 INFO: Epoch 77: head: validation, loss=0.01860184, MAE_E=  242.34 meV, MAE_F=   34.71 meV / A
2025-09-26 01:26:31.682 INFO: Epoch 78: head: train, loss=0.00063918, MAE_E=  229.95 meV, MAE_F=    9.70 meV / A
2025-09-26 01:26:32.914 INFO: Epoch 78: head: validation, loss=0.01855378, MAE_E=  239.13 meV, MAE_F=   34.64 meV / A
2025-09-26 01:26:41.829 INFO: Epoch 79: head: train, loss=0.00063280, MAE_E=  236.27 meV, MAE_F=    9.68 meV / A
2025-09-26 01:26:43.026 INFO: Epoch 79: head: validation, loss=0.01850238, MAE_E=  243.10 meV, MAE_F=   34.57 meV / A
2025-09-26 01:26:51.575 INFO: Epoch 80: head: train, loss=0.00063175, MAE_E=  233.51 meV, MAE_F=    9.62 meV / A
2025-09-26 01:26:52.637 INFO: Epoch 80: head: validation, loss=0.01840920, MAE_E=  241.03 meV, MAE_F=   34.51 meV / A
2025-09-26 01:27:01.679 INFO: Epoch 81: head: train, loss=0.00061702, MAE_E=  228.13 meV, MAE_F=    9.52 meV / A
2025-09-26 01:27:02.894 INFO: Epoch 81: head: validation, loss=0.01842075, MAE_E=  237.08 meV, MAE_F=   34.40 meV / A
2025-09-26 01:27:11.737 INFO: Epoch 82: head: train, loss=0.00060275, MAE_E=  225.80 meV, MAE_F=    9.42 meV / A
2025-09-26 01:27:12.984 INFO: Epoch 82: head: validation, loss=0.01844835, MAE_E=  232.93 meV, MAE_F=   34.34 meV / A
2025-09-26 01:27:21.611 INFO: Epoch 83: head: train, loss=0.00058334, MAE_E=  220.25 meV, MAE_F=    9.27 meV / A
2025-09-26 01:27:22.852 INFO: Epoch 83: head: validation, loss=0.01843271, MAE_E=  230.08 meV, MAE_F=   34.29 meV / A
2025-09-26 01:27:22.853 INFO: Stopping optimization after 20 epochs without improvement
2025-09-26 01:27:22.853 INFO: Training complete
2025-09-26 01:27:22.859 INFO: 
2025-09-26 01:27:22.859 INFO: ===========FINISHED TRAINING===========
2025-09-26 01:27:22.859 INFO: eveluation
2025-09-26 01:27:22.859 INFO: The scale is [0.63039683] and shift is -0.5490736092615404
2025-09-26 01:27:23.538 INFO: Energy Mean: -41723.583235677084, Variance: 442723900.8566108
2025-09-26 01:27:23.793 INFO: Energy RMSE: 0.41606277227401733
2025-09-26 01:27:23.793 INFO: Energy R2: 0.9999999996089929
2025-09-26 01:27:23.793 INFO: Energy MAE: 0.23618397116661072
2025-09-26 01:27:23.797 INFO: Forces RMSE: 0.13475486393868863
2025-09-26 01:27:23.797 INFO: Forces R2: 0.9855054114190792
2025-09-26 01:27:26.857 INFO: Energy Mean: -41723.61359979539, Variance: 442725246.67470586
2025-09-26 01:27:26.983 INFO: Loading checkpoint: ./bi0_logs//sample_4//checkpoints/bi0_run-123_epoch-63.pt
2025-09-26 01:27:27.034 INFO: Loaded Stage one model from epoch 63 for evaluation
2025-09-26 01:27:27.034 INFO: Saving model to bi0_logs/sample_4/checkpoints/bi0_run-123.model
2025-09-26 01:27:27.206 INFO: Compiling model, saving metadata to bi0_logs/sample_4/bi0_compiled.model
2025-09-26 01:27:27.300 INFO: Done
