2025-09-26 00:11:41.470 INFO: ===========VERIFYING SETTINGS===========
2025-09-26 00:11:41.473 INFO: MACE version: 0.3.13
2025-09-26 00:11:41.473 DEBUG: Configuration: Namespace(name='bi0', seed=123, work_dir='.', log_dir='./bi0_logs//sample_0//bi0_logs', model_dir='./bi0_logs//sample_0/', checkpoints_dir='./bi0_logs//sample_0//checkpoints', results_dir='./bi0_logs//sample_0//results', downloads_dir='./downloads', device='cuda', default_dtype='float64', distributed=False, log_level='INFO', error_table='TotalMAE', model='MACE_with_charge', r_max=9.0, radial_type='bessel', num_radial_basis=8, num_cutoff_basis=5, pair_repulsion=False, distance_transform='None', interaction='RealAgnosticResidualInteractionBlock', interaction_first='RealAgnosticResidualInteractionBlock', max_ell=3, correlation=3, num_interactions=2, MLP_irreps='16x0e', radial_MLP='[64, 64, 64]', hidden_irreps=128x0e+128x1o, num_channels=128, max_L=1, gate='silu', scaling='rms_forces_scaling', avg_num_neighbors=1, compute_avg_num_neighbors=True, compute_stress=False, compute_forces=True, train_file='train.xyz', valid_file='test.xyz', valid_fraction=0.1, test_file='test.xyz', test_dir=None, multi_processed_test=False, num_workers=16, pin_memory=True, atomic_numbers=None, mean=None, std=None, statistics_file='None', E0s='average', foundation_filter_elements=True, heads=None, multiheads_finetuning=True, foundation_head=None, weight_pt_head=1.0, num_samples_pt=10000, force_mh_ft_lr=False, subselect_pt='random', pt_train_file=None, pt_valid_file=None, foundation_model_elements=False, keep_isolated_atoms=False, energy_key='REF_energy', forces_key='REF_forces', virials_key='REF_virials', stress_key='REF_stress', dipole_key='REF_dipole', charges_key='REF_charges', loss='weighted', forces_weight=100.0, energy_weight=1.0, virials_weight=1.0, stress_weight=1.0, dipole_weight=1.0, config_type_weights='{"Default":1.0}', huber_delta=0.01, optimizer='adam', beta=0.9, batch_size=32, valid_batch_size=32, lr=0.01, weight_decay=5e-07, amsgrad=True, scheduler='ReduceLROnPlateau', lr_factor=0.8, scheduler_patience=50, lr_scheduler_gamma=0.9993, ema=True, ema_decay=0.99, max_num_epochs=300, patience=20, foundation_model=None, foundation_model_readout=True, eval_interval=1, keep_checkpoints=False, save_all_checkpoints=False, restart_latest=False, save_cpu=False, clip_grad=10.0, enable_cueq=False, wandb=False, wandb_dir=None, wandb_project='', wandb_entity='', wandb_name='', swa=False, start_swa=None, swa_lr=0.001, swa_energy_weight=1000.0, swa_forces_weight=100.0, swa_virials_weight=10.0, swa_stress_weight=10.0, swa_dipole_weight=1.0, scale=True, shift=True)
2025-09-26 00:11:41.508 INFO: CUDA version: 12.1, CUDA device: 0
2025-09-26 00:11:42.238 DEBUG: Popen(['git', 'version'], cwd=/hkfs/home/haicore/int/hv3694/PAL_MACE/usr/initial_pyg/full_data_charge_embed, stdin=None, shell=False, universal_newlines=False)
2025-09-26 00:11:42.243 DEBUG: Popen(['git', 'version'], cwd=/hkfs/home/haicore/int/hv3694/PAL_MACE/usr/initial_pyg/full_data_charge_embed, stdin=None, shell=False, universal_newlines=False)
2025-09-26 00:11:42.267 DEBUG: Popen(['git', 'cat-file', '--batch-check'], cwd=/hkfs/home/haicore/int/hv3694/PAL_MACE, stdin=<valid stream>, shell=False, universal_newlines=False)
2025-09-26 00:11:42.283 DEBUG: Current Git commit: 6c55c958efde541c2bc986be49e7e5baaad3b532
2025-09-26 00:11:42.283 INFO: ===========LOADING INPUT DATA===========
2025-09-26 00:11:42.283 INFO: Using heads: ['Default']
2025-09-26 00:11:42.283 INFO: =============    Processing head Default     ===========
2025-09-26 00:11:42.283 INFO: Total number of configurations: train=2520, valid=630, 
2025-09-26 00:11:42.322 INFO: Atomic Numbers used: [83]
2025-09-26 00:11:42.323 INFO: Computing average Atomic Energies using least squares regression
2025-09-26 00:11:42.371 INFO: Atomic Energies used (z: eV) for head Default: {83: -5841.105786762538}
2025-09-26 00:11:43.284 INFO: Computing average number of neighbors
2025-09-26 00:11:45.579 INFO: Average number of neighbors: 7.887861983980283
2025-09-26 00:11:45.580 INFO: During training the following quantities will be reported: energy, forces
2025-09-26 00:11:45.580 INFO: ===========MODEL DETAILS===========
2025-09-26 00:11:45.580 INFO: Building model
2025-09-26 00:11:45.580 INFO: Message passing with 128 channels and max_L=1 (128x0e+128x1o)
2025-09-26 00:11:45.580 INFO: 2 layers, each with correlation order: 3 (body order: 4) and spherical harmonics up to: l=3
2025-09-26 00:11:45.580 INFO: 8 radial and 5 basis functions
2025-09-26 00:11:45.580 INFO: Radial cutoff: 9.0 A (total receptive field for each atom: 18.0 A)
2025-09-26 00:11:45.580 INFO: Distance transform for radial basis functions: None
2025-09-26 00:11:45.580 INFO: Hidden irreps: 128x0e+128x1o
2025-09-26 00:11:47.697 DEBUG: ScaleShiftMACE_with_charge(
  (node_embedding): LinearNodeEmbeddingBlockwithcharge(
    (linear): Linear(1x0e -> 128x0e | 128 weights)
    (charge_embed): Linear(in_features=1, out_features=32, bias=True)
    (projection_layer): Linear(in_features=33, out_features=1, bias=True)
  )
  (radial_embedding): RadialEmbeddingBlock(
    (bessel_fn): BesselBasis(r_max=9.0, num_basis=8, trainable=False)
    (cutoff_fn): PolynomialCutoff(p=5, r_max=9.0)
  )
  (spherical_harmonics): SphericalHarmonics()
  (atomic_energies_fn): AtomicEnergiesBlock(energies=[[-5841.1058]])
  (interactions): ModuleList(
    (0): RealAgnosticResidualInteractionBlock(
      (linear_up): Linear(128x0e -> 128x0e | 16384 weights)
      (conv_tp): TensorProduct(128x0e x 1x0e+1x1o+1x2e+1x3o -> 128x0e+128x1o+128x2e+128x3o | 512 paths | 512 weights)
      (conv_tp_weights): FullyConnectedNet[8, 64, 64, 64, 512]
      (linear): Linear(128x0e+128x1o+128x2e+128x3o -> 128x0e+128x1o+128x2e+128x3o | 65536 weights)
      (skip_tp): FullyConnectedTensorProduct(128x0e x 1x0e -> 128x0e+128x1o | 16384 paths | 16384 weights)
      (reshape): reshape_irreps()
    )
    (1): RealAgnosticResidualInteractionBlock(
      (linear_up): Linear(128x0e+128x1o -> 128x0e+128x1o | 32768 weights)
      (conv_tp): TensorProduct(128x0e+128x1o x 1x0e+1x1o+1x2e+1x3o -> 256x0e+384x1o+384x2e+256x3o | 1280 paths | 1280 weights)
      (conv_tp_weights): FullyConnectedNet[8, 64, 64, 64, 1280]
      (linear): Linear(128x0e+128x0e+128x1o+128x1o+128x1o+128x2e+128x2e+128x2e+128x3o+128x3o -> 128x0e+128x1o+128x2e+128x3o | 163840 weights)
      (skip_tp): FullyConnectedTensorProduct(128x0e+128x1o x 1x0e -> 128x0e | 16384 paths | 16384 weights)
      (reshape): reshape_irreps()
    )
  )
  (products): ModuleList(
    (0): EquivariantProductBasisBlock(
      (symmetric_contractions): SymmetricContraction(
        (contractions): ModuleList(
          (0): Contraction(
            (contractions_weighting): ModuleList(
              (0-1): 2 x GraphModule()
            )
            (contractions_features): ModuleList(
              (0-1): 2 x GraphModule()
            )
            (weights): ParameterList(
                (0): Parameter containing: [torch.float64 of size 1x4x128 (cuda:0)]
                (1): Parameter containing: [torch.float64 of size 1x1x128 (cuda:0)]
            )
            (graph_opt_main): GraphModule()
          )
          (1): Contraction(
            (contractions_weighting): ModuleList(
              (0-1): 2 x GraphModule()
            )
            (contractions_features): ModuleList(
              (0-1): 2 x GraphModule()
            )
            (weights): ParameterList(
                (0): Parameter containing: [torch.float64 of size 1x6x128 (cuda:0)]
                (1): Parameter containing: [torch.float64 of size 1x1x128 (cuda:0)]
            )
            (graph_opt_main): GraphModule()
          )
        )
      )
      (linear): Linear(128x0e+128x1o -> 128x0e+128x1o | 32768 weights)
    )
    (1): EquivariantProductBasisBlock(
      (symmetric_contractions): SymmetricContraction(
        (contractions): ModuleList(
          (0): Contraction(
            (contractions_weighting): ModuleList(
              (0-1): 2 x GraphModule()
            )
            (contractions_features): ModuleList(
              (0-1): 2 x GraphModule()
            )
            (weights): ParameterList(
                (0): Parameter containing: [torch.float64 of size 1x4x128 (cuda:0)]
                (1): Parameter containing: [torch.float64 of size 1x1x128 (cuda:0)]
            )
            (graph_opt_main): GraphModule()
          )
        )
      )
      (linear): Linear(128x0e -> 128x0e | 16384 weights)
    )
  )
  (readouts): ModuleList(
    (0): LinearReadoutBlock(
      (linear): Linear(128x0e+128x1o -> 1x0e | 128 weights)
    )
    (1): NonLinearReadoutBlock(
      (linear_1): Linear(128x0e -> 16x0e | 2048 weights)
      (non_linearity): Activation [x] (16x0e -> 16x0e)
      (linear_2): Linear(16x0e -> 1x0e | 16 weights)
    )
  )
  (scale_shift): ScaleShiftBlock(scale=0.6424, shift=-0.5473)
  (charge_embed): Linear(in_features=1, out_features=32, bias=True)
)
2025-09-26 00:11:47.699 INFO: Total number of parameters: 509618
2025-09-26 00:11:47.699 INFO: 
2025-09-26 00:11:47.699 INFO: ===========OPTIMIZER INFORMATION===========
2025-09-26 00:11:47.699 INFO: Using ADAM as parameter optimizer
2025-09-26 00:11:47.699 INFO: Batch size: 32
2025-09-26 00:11:47.699 INFO: Using Exponential Moving Average with decay: 0.99
2025-09-26 00:11:47.699 INFO: Number of gradient updates: 23625
2025-09-26 00:11:47.699 INFO: Learning rate: 0.01, weight decay: 5e-07
2025-09-26 00:11:47.699 INFO: WeightedEnergyForcesLoss(energy_weight=1.000, forces_weight=100.000)
2025-09-26 00:11:47.701 INFO: Using gradient clipping with tolerance=10.000
2025-09-26 00:11:47.701 INFO: 
2025-09-26 00:11:47.701 INFO: ===========TRAINING===========
2025-09-26 00:11:47.701 INFO: Started training, reporting errors on validation set
2025-09-26 00:11:47.701 INFO: Loss metrics on validation set
2025-09-26 00:11:52.510 INFO: Initial: head: validation, loss=1.81046039, MAE_E=15749.11 meV, MAE_F=  454.63 meV / A
2025-09-26 00:12:02.691 INFO: Epoch 0: head: train, loss=0.38251766, MAE_E= 4334.09 meV, MAE_F=  241.72 meV / A
2025-09-26 00:12:03.723 INFO: Epoch 0: head: validation, loss=0.39550383, MAE_E= 4344.77 meV, MAE_F=  244.82 meV / A
2025-09-26 00:12:03.725 DEBUG: Saving checkpoint: ./bi0_logs//sample_0//checkpoints/bi0_run-123_epoch-0.pt
2025-09-26 00:12:11.692 INFO: Epoch 1: head: train, loss=0.24600817, MAE_E= 5110.87 meV, MAE_F=  185.30 meV / A
2025-09-26 00:12:12.618 INFO: Epoch 1: head: validation, loss=0.26542605, MAE_E= 5131.15 meV, MAE_F=  189.04 meV / A
2025-09-26 00:12:12.620 DEBUG: Deleting old checkpoint file: ./bi0_logs//sample_0//checkpoints/bi0_run-123_epoch-0.pt
2025-09-26 00:12:12.644 DEBUG: Saving checkpoint: ./bi0_logs//sample_0//checkpoints/bi0_run-123_epoch-1.pt
2025-09-26 00:12:20.713 INFO: Epoch 2: head: train, loss=0.18397602, MAE_E= 4821.54 meV, MAE_F=  156.92 meV / A
2025-09-26 00:12:21.735 INFO: Epoch 2: head: validation, loss=0.19959239, MAE_E= 4851.78 meV, MAE_F=  161.68 meV / A
2025-09-26 00:12:21.738 DEBUG: Deleting old checkpoint file: ./bi0_logs//sample_0//checkpoints/bi0_run-123_epoch-1.pt
2025-09-26 00:12:21.738 DEBUG: Saving checkpoint: ./bi0_logs//sample_0//checkpoints/bi0_run-123_epoch-2.pt
2025-09-26 00:12:29.805 INFO: Epoch 3: head: train, loss=0.12708697, MAE_E= 4646.74 meV, MAE_F=  128.43 meV / A
2025-09-26 00:12:30.872 INFO: Epoch 3: head: validation, loss=0.13612406, MAE_E= 4679.63 meV, MAE_F=  132.27 meV / A
2025-09-26 00:12:30.874 DEBUG: Deleting old checkpoint file: ./bi0_logs//sample_0//checkpoints/bi0_run-123_epoch-2.pt
2025-09-26 00:12:30.883 DEBUG: Saving checkpoint: ./bi0_logs//sample_0//checkpoints/bi0_run-123_epoch-3.pt
2025-09-26 00:12:38.813 INFO: Epoch 4: head: train, loss=0.09608027, MAE_E= 4655.93 meV, MAE_F=  107.67 meV / A
2025-09-26 00:12:39.704 INFO: Epoch 4: head: validation, loss=0.10288162, MAE_E= 4686.02 meV, MAE_F=  111.35 meV / A
2025-09-26 00:12:39.706 DEBUG: Deleting old checkpoint file: ./bi0_logs//sample_0//checkpoints/bi0_run-123_epoch-3.pt
2025-09-26 00:12:39.714 DEBUG: Saving checkpoint: ./bi0_logs//sample_0//checkpoints/bi0_run-123_epoch-4.pt
2025-09-26 00:12:47.618 INFO: Epoch 5: head: train, loss=0.09888490, MAE_E= 4796.41 meV, MAE_F=  111.54 meV / A
2025-09-26 00:12:48.518 INFO: Epoch 5: head: validation, loss=0.10671098, MAE_E= 4826.40 meV, MAE_F=  115.84 meV / A
2025-09-26 00:12:56.356 INFO: Epoch 6: head: train, loss=0.10613391, MAE_E= 4575.56 meV, MAE_F=  117.26 meV / A
2025-09-26 00:12:57.367 INFO: Epoch 6: head: validation, loss=0.11567220, MAE_E= 4610.03 meV, MAE_F=  121.86 meV / A
2025-09-26 00:13:05.356 INFO: Epoch 7: head: train, loss=0.08319781, MAE_E= 4833.89 meV, MAE_F=   98.33 meV / A
2025-09-26 00:13:06.405 INFO: Epoch 7: head: validation, loss=0.09059838, MAE_E= 4856.75 meV, MAE_F=  102.92 meV / A
2025-09-26 00:13:06.407 DEBUG: Deleting old checkpoint file: ./bi0_logs//sample_0//checkpoints/bi0_run-123_epoch-4.pt
2025-09-26 00:13:06.407 DEBUG: Saving checkpoint: ./bi0_logs//sample_0//checkpoints/bi0_run-123_epoch-7.pt
2025-09-26 00:13:14.307 INFO: Epoch 8: head: train, loss=0.07640310, MAE_E= 4667.64 meV, MAE_F=   95.11 meV / A
2025-09-26 00:13:15.363 INFO: Epoch 8: head: validation, loss=0.08358937, MAE_E= 4701.09 meV, MAE_F=   99.78 meV / A
2025-09-26 00:13:15.365 DEBUG: Deleting old checkpoint file: ./bi0_logs//sample_0//checkpoints/bi0_run-123_epoch-7.pt
2025-09-26 00:13:15.374 DEBUG: Saving checkpoint: ./bi0_logs//sample_0//checkpoints/bi0_run-123_epoch-8.pt
2025-09-26 00:13:23.215 INFO: Epoch 9: head: train, loss=0.06054567, MAE_E= 4251.25 meV, MAE_F=   81.20 meV / A
2025-09-26 00:13:24.305 INFO: Epoch 9: head: validation, loss=0.06737628, MAE_E= 4282.24 meV, MAE_F=   86.04 meV / A
2025-09-26 00:13:24.309 DEBUG: Deleting old checkpoint file: ./bi0_logs//sample_0//checkpoints/bi0_run-123_epoch-8.pt
2025-09-26 00:13:24.320 DEBUG: Saving checkpoint: ./bi0_logs//sample_0//checkpoints/bi0_run-123_epoch-9.pt
2025-09-26 00:13:32.386 INFO: Epoch 10: head: train, loss=0.05256472, MAE_E= 3751.61 meV, MAE_F=   75.51 meV / A
2025-09-26 00:13:33.426 INFO: Epoch 10: head: validation, loss=0.05913694, MAE_E= 3781.85 meV, MAE_F=   80.35 meV / A
2025-09-26 00:13:33.429 DEBUG: Deleting old checkpoint file: ./bi0_logs//sample_0//checkpoints/bi0_run-123_epoch-9.pt
2025-09-26 00:13:33.429 DEBUG: Saving checkpoint: ./bi0_logs//sample_0//checkpoints/bi0_run-123_epoch-10.pt
2025-09-26 00:13:41.285 INFO: Epoch 11: head: train, loss=0.04232817, MAE_E= 3015.30 meV, MAE_F=   68.27 meV / A
2025-09-26 00:13:42.259 INFO: Epoch 11: head: validation, loss=0.04943955, MAE_E= 3044.53 meV, MAE_F=   73.55 meV / A
2025-09-26 00:13:42.262 DEBUG: Deleting old checkpoint file: ./bi0_logs//sample_0//checkpoints/bi0_run-123_epoch-10.pt
2025-09-26 00:13:42.272 DEBUG: Saving checkpoint: ./bi0_logs//sample_0//checkpoints/bi0_run-123_epoch-11.pt
2025-09-26 00:13:50.375 INFO: Epoch 12: head: train, loss=0.03537691, MAE_E= 2374.67 meV, MAE_F=   62.90 meV / A
2025-09-26 00:13:51.387 INFO: Epoch 12: head: validation, loss=0.04279772, MAE_E= 2401.54 meV, MAE_F=   68.48 meV / A
2025-09-26 00:13:51.389 DEBUG: Deleting old checkpoint file: ./bi0_logs//sample_0//checkpoints/bi0_run-123_epoch-11.pt
2025-09-26 00:13:51.389 DEBUG: Saving checkpoint: ./bi0_logs//sample_0//checkpoints/bi0_run-123_epoch-12.pt
2025-09-26 00:13:59.606 INFO: Epoch 13: head: train, loss=0.02939139, MAE_E= 1982.12 meV, MAE_F=   57.71 meV / A
2025-09-26 00:14:00.539 INFO: Epoch 13: head: validation, loss=0.03755027, MAE_E= 2012.14 meV, MAE_F=   64.15 meV / A
2025-09-26 00:14:00.541 DEBUG: Deleting old checkpoint file: ./bi0_logs//sample_0//checkpoints/bi0_run-123_epoch-12.pt
2025-09-26 00:14:00.566 DEBUG: Saving checkpoint: ./bi0_logs//sample_0//checkpoints/bi0_run-123_epoch-13.pt
2025-09-26 00:14:08.772 INFO: Epoch 14: head: train, loss=0.02526081, MAE_E= 1694.47 meV, MAE_F=   53.52 meV / A
2025-09-26 00:14:09.668 INFO: Epoch 14: head: validation, loss=0.03373819, MAE_E= 1719.87 meV, MAE_F=   60.63 meV / A
2025-09-26 00:14:09.670 DEBUG: Deleting old checkpoint file: ./bi0_logs//sample_0//checkpoints/bi0_run-123_epoch-13.pt
2025-09-26 00:14:09.697 DEBUG: Saving checkpoint: ./bi0_logs//sample_0//checkpoints/bi0_run-123_epoch-14.pt
2025-09-26 00:14:17.532 INFO: Epoch 15: head: train, loss=0.02228119, MAE_E= 1529.91 meV, MAE_F=   50.00 meV / A
2025-09-26 00:14:18.446 INFO: Epoch 15: head: validation, loss=0.03078747, MAE_E= 1554.83 meV, MAE_F=   57.52 meV / A
2025-09-26 00:14:18.449 DEBUG: Deleting old checkpoint file: ./bi0_logs//sample_0//checkpoints/bi0_run-123_epoch-14.pt
2025-09-26 00:14:18.449 DEBUG: Saving checkpoint: ./bi0_logs//sample_0//checkpoints/bi0_run-123_epoch-15.pt
2025-09-26 00:14:26.548 INFO: Epoch 16: head: train, loss=0.01944441, MAE_E= 1362.76 meV, MAE_F=   46.68 meV / A
2025-09-26 00:14:27.675 INFO: Epoch 16: head: validation, loss=0.02819408, MAE_E= 1386.31 meV, MAE_F=   54.93 meV / A
2025-09-26 00:14:27.677 DEBUG: Deleting old checkpoint file: ./bi0_logs//sample_0//checkpoints/bi0_run-123_epoch-15.pt
2025-09-26 00:14:27.678 DEBUG: Saving checkpoint: ./bi0_logs//sample_0//checkpoints/bi0_run-123_epoch-16.pt
2025-09-26 00:14:35.647 INFO: Epoch 17: head: train, loss=0.01745511, MAE_E= 1285.89 meV, MAE_F=   44.31 meV / A
2025-09-26 00:14:36.674 INFO: Epoch 17: head: validation, loss=0.02668006, MAE_E= 1305.12 meV, MAE_F=   53.16 meV / A
2025-09-26 00:14:36.676 DEBUG: Deleting old checkpoint file: ./bi0_logs//sample_0//checkpoints/bi0_run-123_epoch-16.pt
2025-09-26 00:14:36.677 DEBUG: Saving checkpoint: ./bi0_logs//sample_0//checkpoints/bi0_run-123_epoch-17.pt
2025-09-26 00:14:44.744 INFO: Epoch 18: head: train, loss=0.01564426, MAE_E= 1204.60 meV, MAE_F=   41.72 meV / A
2025-09-26 00:14:45.764 INFO: Epoch 18: head: validation, loss=0.02522537, MAE_E= 1225.59 meV, MAE_F=   51.38 meV / A
2025-09-26 00:14:45.766 DEBUG: Deleting old checkpoint file: ./bi0_logs//sample_0//checkpoints/bi0_run-123_epoch-17.pt
2025-09-26 00:14:45.767 DEBUG: Saving checkpoint: ./bi0_logs//sample_0//checkpoints/bi0_run-123_epoch-18.pt
2025-09-26 00:14:54.034 INFO: Epoch 19: head: train, loss=0.01409915, MAE_E= 1169.00 meV, MAE_F=   39.64 meV / A
2025-09-26 00:14:55.084 INFO: Epoch 19: head: validation, loss=0.02412104, MAE_E= 1189.35 meV, MAE_F=   50.00 meV / A
2025-09-26 00:14:55.086 DEBUG: Deleting old checkpoint file: ./bi0_logs//sample_0//checkpoints/bi0_run-123_epoch-18.pt
2025-09-26 00:14:55.087 DEBUG: Saving checkpoint: ./bi0_logs//sample_0//checkpoints/bi0_run-123_epoch-19.pt
2025-09-26 00:15:02.973 INFO: Epoch 20: head: train, loss=0.01285422, MAE_E= 1088.51 meV, MAE_F=   37.93 meV / A
2025-09-26 00:15:03.857 INFO: Epoch 20: head: validation, loss=0.02309252, MAE_E= 1107.75 meV, MAE_F=   48.78 meV / A
2025-09-26 00:15:03.860 DEBUG: Deleting old checkpoint file: ./bi0_logs//sample_0//checkpoints/bi0_run-123_epoch-19.pt
2025-09-26 00:15:03.876 DEBUG: Saving checkpoint: ./bi0_logs//sample_0//checkpoints/bi0_run-123_epoch-20.pt
2025-09-26 00:15:12.076 INFO: Epoch 21: head: train, loss=0.01157106, MAE_E= 1052.73 meV, MAE_F=   36.08 meV / A
2025-09-26 00:15:13.091 INFO: Epoch 21: head: validation, loss=0.02207469, MAE_E= 1069.55 meV, MAE_F=   47.53 meV / A
2025-09-26 00:15:13.093 DEBUG: Deleting old checkpoint file: ./bi0_logs//sample_0//checkpoints/bi0_run-123_epoch-20.pt
2025-09-26 00:15:13.094 DEBUG: Saving checkpoint: ./bi0_logs//sample_0//checkpoints/bi0_run-123_epoch-21.pt
2025-09-26 00:15:21.165 INFO: Epoch 22: head: train, loss=0.01066745, MAE_E= 1024.56 meV, MAE_F=   34.48 meV / A
2025-09-26 00:15:22.181 INFO: Epoch 22: head: validation, loss=0.02127773, MAE_E= 1040.18 meV, MAE_F=   46.55 meV / A
2025-09-26 00:15:22.183 DEBUG: Deleting old checkpoint file: ./bi0_logs//sample_0//checkpoints/bi0_run-123_epoch-21.pt
2025-09-26 00:15:22.183 DEBUG: Saving checkpoint: ./bi0_logs//sample_0//checkpoints/bi0_run-123_epoch-22.pt
2025-09-26 00:15:30.211 INFO: Epoch 23: head: train, loss=0.00983601, MAE_E=  991.23 meV, MAE_F=   33.16 meV / A
2025-09-26 00:15:31.271 INFO: Epoch 23: head: validation, loss=0.02066668, MAE_E= 1009.40 meV, MAE_F=   45.76 meV / A
2025-09-26 00:15:31.274 DEBUG: Deleting old checkpoint file: ./bi0_logs//sample_0//checkpoints/bi0_run-123_epoch-22.pt
2025-09-26 00:15:31.274 DEBUG: Saving checkpoint: ./bi0_logs//sample_0//checkpoints/bi0_run-123_epoch-23.pt
2025-09-26 00:15:39.312 INFO: Epoch 24: head: train, loss=0.00917098, MAE_E=  950.62 meV, MAE_F=   32.16 meV / A
2025-09-26 00:15:40.205 INFO: Epoch 24: head: validation, loss=0.01998787, MAE_E=  965.98 meV, MAE_F=   44.95 meV / A
2025-09-26 00:15:40.207 DEBUG: Deleting old checkpoint file: ./bi0_logs//sample_0//checkpoints/bi0_run-123_epoch-23.pt
2025-09-26 00:15:40.220 DEBUG: Saving checkpoint: ./bi0_logs//sample_0//checkpoints/bi0_run-123_epoch-24.pt
2025-09-26 00:15:48.355 INFO: Epoch 25: head: train, loss=0.00856728, MAE_E=  934.76 meV, MAE_F=   30.96 meV / A
2025-09-26 00:15:49.731 INFO: Epoch 25: head: validation, loss=0.01953234, MAE_E=  949.68 meV, MAE_F=   44.18 meV / A
2025-09-26 00:15:49.733 DEBUG: Deleting old checkpoint file: ./bi0_logs//sample_0//checkpoints/bi0_run-123_epoch-24.pt
2025-09-26 00:15:49.741 DEBUG: Saving checkpoint: ./bi0_logs//sample_0//checkpoints/bi0_run-123_epoch-25.pt
2025-09-26 00:15:57.898 INFO: Epoch 26: head: train, loss=0.00793401, MAE_E=  911.16 meV, MAE_F=   29.82 meV / A
2025-09-26 00:15:58.937 INFO: Epoch 26: head: validation, loss=0.01934357, MAE_E=  927.62 meV, MAE_F=   43.72 meV / A
2025-09-26 00:15:58.941 DEBUG: Deleting old checkpoint file: ./bi0_logs//sample_0//checkpoints/bi0_run-123_epoch-25.pt
2025-09-26 00:15:58.953 DEBUG: Saving checkpoint: ./bi0_logs//sample_0//checkpoints/bi0_run-123_epoch-26.pt
2025-09-26 00:16:06.952 INFO: Epoch 27: head: train, loss=0.00742867, MAE_E=  898.33 meV, MAE_F=   28.85 meV / A
2025-09-26 00:16:07.948 INFO: Epoch 27: head: validation, loss=0.01919727, MAE_E=  911.91 meV, MAE_F=   43.37 meV / A
2025-09-26 00:16:07.950 DEBUG: Deleting old checkpoint file: ./bi0_logs//sample_0//checkpoints/bi0_run-123_epoch-26.pt
2025-09-26 00:16:07.961 DEBUG: Saving checkpoint: ./bi0_logs//sample_0//checkpoints/bi0_run-123_epoch-27.pt
2025-09-26 00:16:15.921 INFO: Epoch 28: head: train, loss=0.00681946, MAE_E=  854.62 meV, MAE_F=   27.65 meV / A
2025-09-26 00:16:16.803 INFO: Epoch 28: head: validation, loss=0.01888462, MAE_E=  870.36 meV, MAE_F=   42.65 meV / A
2025-09-26 00:16:16.805 DEBUG: Deleting old checkpoint file: ./bi0_logs//sample_0//checkpoints/bi0_run-123_epoch-27.pt
2025-09-26 00:16:16.805 DEBUG: Saving checkpoint: ./bi0_logs//sample_0//checkpoints/bi0_run-123_epoch-28.pt
2025-09-26 00:16:24.757 INFO: Epoch 29: head: train, loss=0.00637241, MAE_E=  838.41 meV, MAE_F=   26.78 meV / A
2025-09-26 00:16:25.805 INFO: Epoch 29: head: validation, loss=0.01856300, MAE_E=  853.65 meV, MAE_F=   42.10 meV / A
2025-09-26 00:16:25.807 DEBUG: Deleting old checkpoint file: ./bi0_logs//sample_0//checkpoints/bi0_run-123_epoch-28.pt
2025-09-26 00:16:25.807 DEBUG: Saving checkpoint: ./bi0_logs//sample_0//checkpoints/bi0_run-123_epoch-29.pt
2025-09-26 00:16:33.649 INFO: Epoch 30: head: train, loss=0.00600157, MAE_E=  806.25 meV, MAE_F=   25.91 meV / A
2025-09-26 00:16:34.547 INFO: Epoch 30: head: validation, loss=0.01830008, MAE_E=  820.76 meV, MAE_F=   41.52 meV / A
2025-09-26 00:16:34.549 DEBUG: Deleting old checkpoint file: ./bi0_logs//sample_0//checkpoints/bi0_run-123_epoch-29.pt
2025-09-26 00:16:34.550 DEBUG: Saving checkpoint: ./bi0_logs//sample_0//checkpoints/bi0_run-123_epoch-30.pt
2025-09-26 00:16:42.260 INFO: Epoch 31: head: train, loss=0.00556868, MAE_E=  786.13 meV, MAE_F=   25.08 meV / A
2025-09-26 00:16:43.164 INFO: Epoch 31: head: validation, loss=0.01806843, MAE_E=  802.63 meV, MAE_F=   41.04 meV / A
2025-09-26 00:16:43.166 DEBUG: Deleting old checkpoint file: ./bi0_logs//sample_0//checkpoints/bi0_run-123_epoch-30.pt
2025-09-26 00:16:43.166 DEBUG: Saving checkpoint: ./bi0_logs//sample_0//checkpoints/bi0_run-123_epoch-31.pt
2025-09-26 00:16:51.365 INFO: Epoch 32: head: train, loss=0.00523094, MAE_E=  753.26 meV, MAE_F=   24.32 meV / A
2025-09-26 00:16:52.417 INFO: Epoch 32: head: validation, loss=0.01796344, MAE_E=  769.06 meV, MAE_F=   40.68 meV / A
2025-09-26 00:16:52.419 DEBUG: Deleting old checkpoint file: ./bi0_logs//sample_0//checkpoints/bi0_run-123_epoch-31.pt
2025-09-26 00:16:52.419 DEBUG: Saving checkpoint: ./bi0_logs//sample_0//checkpoints/bi0_run-123_epoch-32.pt
2025-09-26 00:17:00.388 INFO: Epoch 33: head: train, loss=0.00493528, MAE_E=  726.77 meV, MAE_F=   23.67 meV / A
2025-09-26 00:17:01.277 INFO: Epoch 33: head: validation, loss=0.01772297, MAE_E=  742.89 meV, MAE_F=   40.17 meV / A
2025-09-26 00:17:01.280 DEBUG: Deleting old checkpoint file: ./bi0_logs//sample_0//checkpoints/bi0_run-123_epoch-32.pt
2025-09-26 00:17:01.281 DEBUG: Saving checkpoint: ./bi0_logs//sample_0//checkpoints/bi0_run-123_epoch-33.pt
2025-09-26 00:17:09.371 INFO: Epoch 34: head: train, loss=0.00472040, MAE_E=  713.31 meV, MAE_F=   23.08 meV / A
2025-09-26 00:17:10.359 INFO: Epoch 34: head: validation, loss=0.01762256, MAE_E=  725.96 meV, MAE_F=   39.82 meV / A
2025-09-26 00:17:10.361 DEBUG: Deleting old checkpoint file: ./bi0_logs//sample_0//checkpoints/bi0_run-123_epoch-33.pt
2025-09-26 00:17:10.362 DEBUG: Saving checkpoint: ./bi0_logs//sample_0//checkpoints/bi0_run-123_epoch-34.pt
2025-09-26 00:17:18.517 INFO: Epoch 35: head: train, loss=0.00432464, MAE_E=  671.77 meV, MAE_F=   22.13 meV / A
2025-09-26 00:17:19.522 INFO: Epoch 35: head: validation, loss=0.01747130, MAE_E=  690.04 meV, MAE_F=   39.46 meV / A
2025-09-26 00:17:19.525 DEBUG: Deleting old checkpoint file: ./bi0_logs//sample_0//checkpoints/bi0_run-123_epoch-34.pt
2025-09-26 00:17:19.525 DEBUG: Saving checkpoint: ./bi0_logs//sample_0//checkpoints/bi0_run-123_epoch-35.pt
2025-09-26 00:17:27.484 INFO: Epoch 36: head: train, loss=0.00413393, MAE_E=  666.91 meV, MAE_F=   21.69 meV / A
2025-09-26 00:17:28.574 INFO: Epoch 36: head: validation, loss=0.01747925, MAE_E=  682.05 meV, MAE_F=   39.32 meV / A
2025-09-26 00:17:36.459 INFO: Epoch 37: head: train, loss=0.00402596, MAE_E=  687.00 meV, MAE_F=   21.55 meV / A
2025-09-26 00:17:37.451 INFO: Epoch 37: head: validation, loss=0.01736586, MAE_E=  702.66 meV, MAE_F=   39.16 meV / A
2025-09-26 00:17:37.454 DEBUG: Deleting old checkpoint file: ./bi0_logs//sample_0//checkpoints/bi0_run-123_epoch-35.pt
2025-09-26 00:17:37.455 DEBUG: Saving checkpoint: ./bi0_logs//sample_0//checkpoints/bi0_run-123_epoch-37.pt
2025-09-26 00:17:45.386 INFO: Epoch 38: head: train, loss=0.00386030, MAE_E=  678.28 meV, MAE_F=   20.89 meV / A
2025-09-26 00:17:46.463 INFO: Epoch 38: head: validation, loss=0.01729009, MAE_E=  693.85 meV, MAE_F=   38.86 meV / A
2025-09-26 00:17:46.466 DEBUG: Deleting old checkpoint file: ./bi0_logs//sample_0//checkpoints/bi0_run-123_epoch-37.pt
2025-09-26 00:17:46.466 DEBUG: Saving checkpoint: ./bi0_logs//sample_0//checkpoints/bi0_run-123_epoch-38.pt
2025-09-26 00:17:54.324 INFO: Epoch 39: head: train, loss=0.00369995, MAE_E=  656.17 meV, MAE_F=   20.53 meV / A
2025-09-26 00:17:55.241 INFO: Epoch 39: head: validation, loss=0.01723857, MAE_E=  670.63 meV, MAE_F=   38.69 meV / A
2025-09-26 00:17:55.243 DEBUG: Deleting old checkpoint file: ./bi0_logs//sample_0//checkpoints/bi0_run-123_epoch-38.pt
2025-09-26 00:17:55.244 DEBUG: Saving checkpoint: ./bi0_logs//sample_0//checkpoints/bi0_run-123_epoch-39.pt
2025-09-26 00:18:03.175 INFO: Epoch 40: head: train, loss=0.00345933, MAE_E=  633.31 meV, MAE_F=   19.89 meV / A
2025-09-26 00:18:04.064 INFO: Epoch 40: head: validation, loss=0.01713082, MAE_E=  646.70 meV, MAE_F=   38.42 meV / A
2025-09-26 00:18:04.066 DEBUG: Deleting old checkpoint file: ./bi0_logs//sample_0//checkpoints/bi0_run-123_epoch-39.pt
2025-09-26 00:18:04.067 DEBUG: Saving checkpoint: ./bi0_logs//sample_0//checkpoints/bi0_run-123_epoch-40.pt
2025-09-26 00:18:12.102 INFO: Epoch 41: head: train, loss=0.00324882, MAE_E=  600.54 meV, MAE_F=   19.32 meV / A
2025-09-26 00:18:13.128 INFO: Epoch 41: head: validation, loss=0.01709254, MAE_E=  613.64 meV, MAE_F=   38.21 meV / A
2025-09-26 00:18:13.132 DEBUG: Deleting old checkpoint file: ./bi0_logs//sample_0//checkpoints/bi0_run-123_epoch-40.pt
2025-09-26 00:18:13.133 DEBUG: Saving checkpoint: ./bi0_logs//sample_0//checkpoints/bi0_run-123_epoch-41.pt
2025-09-26 00:18:21.013 INFO: Epoch 42: head: train, loss=0.00303370, MAE_E=  588.48 meV, MAE_F=   18.79 meV / A
2025-09-26 00:18:21.892 INFO: Epoch 42: head: validation, loss=0.01709392, MAE_E=  602.98 meV, MAE_F=   38.01 meV / A
2025-09-26 00:18:29.676 INFO: Epoch 43: head: train, loss=0.00297755, MAE_E=  601.27 meV, MAE_F=   18.61 meV / A
2025-09-26 00:18:30.592 INFO: Epoch 43: head: validation, loss=0.01707899, MAE_E=  614.45 meV, MAE_F=   37.90 meV / A
2025-09-26 00:18:30.594 DEBUG: Deleting old checkpoint file: ./bi0_logs//sample_0//checkpoints/bi0_run-123_epoch-41.pt
2025-09-26 00:18:30.595 DEBUG: Saving checkpoint: ./bi0_logs//sample_0//checkpoints/bi0_run-123_epoch-43.pt
2025-09-26 00:18:38.489 INFO: Epoch 44: head: train, loss=0.00287455, MAE_E=  581.28 meV, MAE_F=   18.27 meV / A
2025-09-26 00:18:39.369 INFO: Epoch 44: head: validation, loss=0.01704426, MAE_E=  594.70 meV, MAE_F=   37.66 meV / A
2025-09-26 00:18:39.372 DEBUG: Deleting old checkpoint file: ./bi0_logs//sample_0//checkpoints/bi0_run-123_epoch-43.pt
2025-09-26 00:18:39.373 DEBUG: Saving checkpoint: ./bi0_logs//sample_0//checkpoints/bi0_run-123_epoch-44.pt
2025-09-26 00:18:48.322 INFO: Epoch 45: head: train, loss=0.00284287, MAE_E=  595.72 meV, MAE_F=   18.22 meV / A
2025-09-26 00:18:49.223 INFO: Epoch 45: head: validation, loss=0.01698054, MAE_E=  611.66 meV, MAE_F=   37.61 meV / A
2025-09-26 00:18:49.226 DEBUG: Deleting old checkpoint file: ./bi0_logs//sample_0//checkpoints/bi0_run-123_epoch-44.pt
2025-09-26 00:18:49.226 DEBUG: Saving checkpoint: ./bi0_logs//sample_0//checkpoints/bi0_run-123_epoch-45.pt
2025-09-26 00:18:57.292 INFO: Epoch 46: head: train, loss=0.00267731, MAE_E=  587.19 meV, MAE_F=   17.71 meV / A
2025-09-26 00:18:58.332 INFO: Epoch 46: head: validation, loss=0.01691470, MAE_E=  600.45 meV, MAE_F=   37.36 meV / A
2025-09-26 00:18:58.334 DEBUG: Deleting old checkpoint file: ./bi0_logs//sample_0//checkpoints/bi0_run-123_epoch-45.pt
2025-09-26 00:18:58.334 DEBUG: Saving checkpoint: ./bi0_logs//sample_0//checkpoints/bi0_run-123_epoch-46.pt
2025-09-26 00:19:06.278 INFO: Epoch 47: head: train, loss=0.00251847, MAE_E=  558.34 meV, MAE_F=   17.15 meV / A
2025-09-26 00:19:07.191 INFO: Epoch 47: head: validation, loss=0.01695848, MAE_E=  570.73 meV, MAE_F=   37.20 meV / A
2025-09-26 00:19:15.492 INFO: Epoch 48: head: train, loss=0.00239838, MAE_E=  535.68 meV, MAE_F=   16.77 meV / A
2025-09-26 00:19:16.503 INFO: Epoch 48: head: validation, loss=0.01696864, MAE_E=  549.90 meV, MAE_F=   37.06 meV / A
2025-09-26 00:19:24.512 INFO: Epoch 49: head: train, loss=0.00225869, MAE_E=  518.46 meV, MAE_F=   16.33 meV / A
2025-09-26 00:19:25.598 INFO: Epoch 49: head: validation, loss=0.01696214, MAE_E=  534.26 meV, MAE_F=   36.92 meV / A
2025-09-26 00:19:33.586 INFO: Epoch 50: head: train, loss=0.00225824, MAE_E=  532.06 meV, MAE_F=   16.27 meV / A
2025-09-26 00:19:34.623 INFO: Epoch 50: head: validation, loss=0.01696493, MAE_E=  546.13 meV, MAE_F=   36.83 meV / A
2025-09-26 00:19:42.880 INFO: Epoch 51: head: train, loss=0.00215607, MAE_E=  511.31 meV, MAE_F=   15.95 meV / A
2025-09-26 00:19:43.920 INFO: Epoch 51: head: validation, loss=0.01686723, MAE_E=  524.40 meV, MAE_F=   36.69 meV / A
2025-09-26 00:19:43.922 DEBUG: Deleting old checkpoint file: ./bi0_logs//sample_0//checkpoints/bi0_run-123_epoch-46.pt
2025-09-26 00:19:43.923 DEBUG: Saving checkpoint: ./bi0_logs//sample_0//checkpoints/bi0_run-123_epoch-51.pt
2025-09-26 00:19:52.098 INFO: Epoch 52: head: train, loss=0.00215226, MAE_E=  508.53 meV, MAE_F=   15.98 meV / A
2025-09-26 00:19:53.128 INFO: Epoch 52: head: validation, loss=0.01679239, MAE_E=  523.01 meV, MAE_F=   36.67 meV / A
2025-09-26 00:19:53.131 DEBUG: Deleting old checkpoint file: ./bi0_logs//sample_0//checkpoints/bi0_run-123_epoch-51.pt
2025-09-26 00:19:53.131 DEBUG: Saving checkpoint: ./bi0_logs//sample_0//checkpoints/bi0_run-123_epoch-52.pt
2025-09-26 00:20:01.233 INFO: Epoch 53: head: train, loss=0.00202600, MAE_E=  499.15 meV, MAE_F=   15.49 meV / A
2025-09-26 00:20:02.254 INFO: Epoch 53: head: validation, loss=0.01681974, MAE_E=  514.17 meV, MAE_F=   36.44 meV / A
2025-09-26 00:20:10.160 INFO: Epoch 54: head: train, loss=0.00188148, MAE_E=  483.65 meV, MAE_F=   15.00 meV / A
2025-09-26 00:20:11.240 INFO: Epoch 54: head: validation, loss=0.01681979, MAE_E=  497.56 meV, MAE_F=   36.26 meV / A
2025-09-26 00:20:19.146 INFO: Epoch 55: head: train, loss=0.00193229, MAE_E=  509.74 meV, MAE_F=   15.22 meV / A
2025-09-26 00:20:20.172 INFO: Epoch 55: head: validation, loss=0.01684925, MAE_E=  522.88 meV, MAE_F=   36.26 meV / A
2025-09-26 00:20:28.188 INFO: Epoch 56: head: train, loss=0.00192518, MAE_E=  525.55 meV, MAE_F=   15.20 meV / A
2025-09-26 00:20:29.242 INFO: Epoch 56: head: validation, loss=0.01691758, MAE_E=  539.24 meV, MAE_F=   36.29 meV / A
2025-09-26 00:20:37.076 INFO: Epoch 57: head: train, loss=0.00184275, MAE_E=  502.15 meV, MAE_F=   14.81 meV / A
2025-09-26 00:20:37.981 INFO: Epoch 57: head: validation, loss=0.01691635, MAE_E=  514.94 meV, MAE_F=   36.24 meV / A
2025-09-26 00:20:46.285 INFO: Epoch 58: head: train, loss=0.00179448, MAE_E=  473.68 meV, MAE_F=   14.53 meV / A
2025-09-26 00:20:47.320 INFO: Epoch 58: head: validation, loss=0.01681002, MAE_E=  488.90 meV, MAE_F=   36.03 meV / A
2025-09-26 00:20:55.201 INFO: Epoch 59: head: train, loss=0.00165865, MAE_E=  455.39 meV, MAE_F=   14.18 meV / A
2025-09-26 00:20:56.096 INFO: Epoch 59: head: validation, loss=0.01686776, MAE_E=  471.08 meV, MAE_F=   35.96 meV / A
2025-09-26 00:21:04.067 INFO: Epoch 60: head: train, loss=0.00157647, MAE_E=  437.03 meV, MAE_F=   13.82 meV / A
2025-09-26 00:21:05.142 INFO: Epoch 60: head: validation, loss=0.01691614, MAE_E=  450.53 meV, MAE_F=   35.84 meV / A
2025-09-26 00:21:13.015 INFO: Epoch 61: head: train, loss=0.00153538, MAE_E=  426.97 meV, MAE_F=   13.70 meV / A
2025-09-26 00:21:13.925 INFO: Epoch 61: head: validation, loss=0.01681488, MAE_E=  444.33 meV, MAE_F=   35.72 meV / A
2025-09-26 00:21:21.743 INFO: Epoch 62: head: train, loss=0.00148104, MAE_E=  420.80 meV, MAE_F=   13.49 meV / A
2025-09-26 00:21:22.628 INFO: Epoch 62: head: validation, loss=0.01682135, MAE_E=  435.16 meV, MAE_F=   35.62 meV / A
2025-09-26 00:21:30.830 INFO: Epoch 63: head: train, loss=0.00143020, MAE_E=  413.69 meV, MAE_F=   13.27 meV / A
2025-09-26 00:21:31.851 INFO: Epoch 63: head: validation, loss=0.01681991, MAE_E=  428.31 meV, MAE_F=   35.57 meV / A
2025-09-26 00:21:39.718 INFO: Epoch 64: head: train, loss=0.00144320, MAE_E=  415.29 meV, MAE_F=   13.30 meV / A
2025-09-26 00:21:40.602 INFO: Epoch 64: head: validation, loss=0.01677925, MAE_E=  429.79 meV, MAE_F=   35.52 meV / A
2025-09-26 00:21:40.605 DEBUG: Deleting old checkpoint file: ./bi0_logs//sample_0//checkpoints/bi0_run-123_epoch-52.pt
2025-09-26 00:21:40.605 DEBUG: Saving checkpoint: ./bi0_logs//sample_0//checkpoints/bi0_run-123_epoch-64.pt
2025-09-26 00:21:48.666 INFO: Epoch 65: head: train, loss=0.00151129, MAE_E=  452.27 meV, MAE_F=   13.66 meV / A
2025-09-26 00:21:49.696 INFO: Epoch 65: head: validation, loss=0.01674347, MAE_E=  466.66 meV, MAE_F=   35.55 meV / A
2025-09-26 00:21:49.698 DEBUG: Deleting old checkpoint file: ./bi0_logs//sample_0//checkpoints/bi0_run-123_epoch-64.pt
2025-09-26 00:21:49.699 DEBUG: Saving checkpoint: ./bi0_logs//sample_0//checkpoints/bi0_run-123_epoch-65.pt
2025-09-26 00:21:57.783 INFO: Epoch 66: head: train, loss=0.00140500, MAE_E=  416.02 meV, MAE_F=   13.24 meV / A
2025-09-26 00:21:58.790 INFO: Epoch 66: head: validation, loss=0.01679344, MAE_E=  430.12 meV, MAE_F=   35.50 meV / A
2025-09-26 00:22:06.700 INFO: Epoch 67: head: train, loss=0.00136815, MAE_E=  404.63 meV, MAE_F=   12.96 meV / A
2025-09-26 00:22:07.725 INFO: Epoch 67: head: validation, loss=0.01676881, MAE_E=  419.83 meV, MAE_F=   35.28 meV / A
2025-09-26 00:22:15.611 INFO: Epoch 68: head: train, loss=0.00128225, MAE_E=  385.28 meV, MAE_F=   12.59 meV / A
2025-09-26 00:22:16.501 INFO: Epoch 68: head: validation, loss=0.01683272, MAE_E=  399.61 meV, MAE_F=   35.24 meV / A
2025-09-26 00:22:24.443 INFO: Epoch 69: head: train, loss=0.00123979, MAE_E=  375.45 meV, MAE_F=   12.47 meV / A
2025-09-26 00:22:25.518 INFO: Epoch 69: head: validation, loss=0.01680100, MAE_E=  390.66 meV, MAE_F=   35.12 meV / A
2025-09-26 00:22:33.455 INFO: Epoch 70: head: train, loss=0.00127834, MAE_E=  386.11 meV, MAE_F=   12.53 meV / A
2025-09-26 00:22:34.402 INFO: Epoch 70: head: validation, loss=0.01680862, MAE_E=  399.66 meV, MAE_F=   35.14 meV / A
2025-09-26 00:22:42.363 INFO: Epoch 71: head: train, loss=0.00122259, MAE_E=  379.91 meV, MAE_F=   12.33 meV / A
2025-09-26 00:22:43.475 INFO: Epoch 71: head: validation, loss=0.01681020, MAE_E=  394.08 meV, MAE_F=   35.06 meV / A
2025-09-26 00:22:51.306 INFO: Epoch 72: head: train, loss=0.00113704, MAE_E=  369.78 meV, MAE_F=   11.96 meV / A
2025-09-26 00:22:52.216 INFO: Epoch 72: head: validation, loss=0.01685146, MAE_E=  384.64 meV, MAE_F=   34.98 meV / A
2025-09-26 00:23:00.196 INFO: Epoch 73: head: train, loss=0.00122782, MAE_E=  364.45 meV, MAE_F=   12.16 meV / A
2025-09-26 00:23:01.098 INFO: Epoch 73: head: validation, loss=0.01708689, MAE_E=  378.67 meV, MAE_F=   35.15 meV / A
2025-09-26 00:23:09.180 INFO: Epoch 74: head: train, loss=0.00115613, MAE_E=  362.05 meV, MAE_F=   12.10 meV / A
2025-09-26 00:23:10.433 INFO: Epoch 74: head: validation, loss=0.01667140, MAE_E=  375.24 meV, MAE_F=   34.81 meV / A
2025-09-26 00:23:10.435 DEBUG: Deleting old checkpoint file: ./bi0_logs//sample_0//checkpoints/bi0_run-123_epoch-65.pt
2025-09-26 00:23:10.436 DEBUG: Saving checkpoint: ./bi0_logs//sample_0//checkpoints/bi0_run-123_epoch-74.pt
2025-09-26 00:23:18.515 INFO: Epoch 75: head: train, loss=0.00111035, MAE_E=  362.07 meV, MAE_F=   11.91 meV / A
2025-09-26 00:23:19.550 INFO: Epoch 75: head: validation, loss=0.01665558, MAE_E=  376.61 meV, MAE_F=   34.73 meV / A
2025-09-26 00:23:19.552 DEBUG: Deleting old checkpoint file: ./bi0_logs//sample_0//checkpoints/bi0_run-123_epoch-74.pt
2025-09-26 00:23:19.552 DEBUG: Saving checkpoint: ./bi0_logs//sample_0//checkpoints/bi0_run-123_epoch-75.pt
2025-09-26 00:23:27.691 INFO: Epoch 76: head: train, loss=0.00105678, MAE_E=  349.51 meV, MAE_F=   11.55 meV / A
2025-09-26 00:23:28.793 INFO: Epoch 76: head: validation, loss=0.01673014, MAE_E=  362.12 meV, MAE_F=   34.64 meV / A
2025-09-26 00:23:36.603 INFO: Epoch 77: head: train, loss=0.00097612, MAE_E=  327.82 meV, MAE_F=   11.18 meV / A
2025-09-26 00:23:37.584 INFO: Epoch 77: head: validation, loss=0.01689825, MAE_E=  340.91 meV, MAE_F=   34.63 meV / A
2025-09-26 00:23:45.581 INFO: Epoch 78: head: train, loss=0.00092550, MAE_E=  312.14 meV, MAE_F=   10.90 meV / A
2025-09-26 00:23:46.700 INFO: Epoch 78: head: validation, loss=0.01695941, MAE_E=  325.39 meV, MAE_F=   34.58 meV / A
2025-09-26 00:23:54.705 INFO: Epoch 79: head: train, loss=0.00087949, MAE_E=  290.17 meV, MAE_F=   10.66 meV / A
2025-09-26 00:23:55.622 INFO: Epoch 79: head: validation, loss=0.01701251, MAE_E=  303.65 meV, MAE_F=   34.51 meV / A
2025-09-26 00:24:03.739 INFO: Epoch 80: head: train, loss=0.00083341, MAE_E=  279.71 meV, MAE_F=   10.45 meV / A
2025-09-26 00:24:04.639 INFO: Epoch 80: head: validation, loss=0.01703678, MAE_E=  290.98 meV, MAE_F=   34.44 meV / A
2025-09-26 00:24:12.779 INFO: Epoch 81: head: train, loss=0.00080961, MAE_E=  271.65 meV, MAE_F=   10.38 meV / A
2025-09-26 00:24:13.670 INFO: Epoch 81: head: validation, loss=0.01702903, MAE_E=  284.94 meV, MAE_F=   34.38 meV / A
2025-09-26 00:24:21.789 INFO: Epoch 82: head: train, loss=0.00080115, MAE_E=  267.48 meV, MAE_F=   10.32 meV / A
2025-09-26 00:24:22.680 INFO: Epoch 82: head: validation, loss=0.01694528, MAE_E=  280.26 meV, MAE_F=   34.29 meV / A
2025-09-26 00:24:30.657 INFO: Epoch 83: head: train, loss=0.00078928, MAE_E=  265.17 meV, MAE_F=   10.22 meV / A
2025-09-26 00:24:31.662 INFO: Epoch 83: head: validation, loss=0.01700968, MAE_E=  276.41 meV, MAE_F=   34.26 meV / A
2025-09-26 00:24:39.957 INFO: Epoch 84: head: train, loss=0.00078630, MAE_E=  264.43 meV, MAE_F=   10.23 meV / A
2025-09-26 00:24:40.987 INFO: Epoch 84: head: validation, loss=0.01691165, MAE_E=  277.45 meV, MAE_F=   34.15 meV / A
2025-09-26 00:24:48.680 INFO: Epoch 85: head: train, loss=0.00076046, MAE_E=  265.90 meV, MAE_F=   10.10 meV / A
2025-09-26 00:24:49.596 INFO: Epoch 85: head: validation, loss=0.01688076, MAE_E=  278.44 meV, MAE_F=   34.10 meV / A
2025-09-26 00:24:57.481 INFO: Epoch 86: head: train, loss=0.00076040, MAE_E=  261.79 meV, MAE_F=   10.10 meV / A
2025-09-26 00:24:58.365 INFO: Epoch 86: head: validation, loss=0.01693382, MAE_E=  275.92 meV, MAE_F=   34.17 meV / A
2025-09-26 00:25:06.383 INFO: Epoch 87: head: train, loss=0.00075407, MAE_E=  261.35 meV, MAE_F=    9.97 meV / A
2025-09-26 00:25:07.551 INFO: Epoch 87: head: validation, loss=0.01690571, MAE_E=  272.80 meV, MAE_F=   34.08 meV / A
2025-09-26 00:25:15.647 INFO: Epoch 88: head: train, loss=0.00072744, MAE_E=  257.24 meV, MAE_F=    9.86 meV / A
2025-09-26 00:25:16.728 INFO: Epoch 88: head: validation, loss=0.01688173, MAE_E=  271.17 meV, MAE_F=   34.02 meV / A
2025-09-26 00:25:24.587 INFO: Epoch 89: head: train, loss=0.00073563, MAE_E=  257.81 meV, MAE_F=    9.92 meV / A
2025-09-26 00:25:25.490 INFO: Epoch 89: head: validation, loss=0.01687350, MAE_E=  270.77 meV, MAE_F=   34.01 meV / A
2025-09-26 00:25:33.562 INFO: Epoch 90: head: train, loss=0.00073717, MAE_E=  265.20 meV, MAE_F=    9.96 meV / A
2025-09-26 00:25:34.575 INFO: Epoch 90: head: validation, loss=0.01688063, MAE_E=  277.85 meV, MAE_F=   34.04 meV / A
2025-09-26 00:25:42.510 INFO: Epoch 91: head: train, loss=0.00070181, MAE_E=  262.33 meV, MAE_F=    9.74 meV / A
2025-09-26 00:25:43.576 INFO: Epoch 91: head: validation, loss=0.01689259, MAE_E=  276.93 meV, MAE_F=   33.95 meV / A
2025-09-26 00:25:51.570 INFO: Epoch 92: head: train, loss=0.00071060, MAE_E=  265.76 meV, MAE_F=    9.75 meV / A
2025-09-26 00:25:52.631 INFO: Epoch 92: head: validation, loss=0.01684010, MAE_E=  279.58 meV, MAE_F=   33.86 meV / A
2025-09-26 00:26:00.523 INFO: Epoch 93: head: train, loss=0.00069866, MAE_E=  262.96 meV, MAE_F=    9.70 meV / A
2025-09-26 00:26:01.431 INFO: Epoch 93: head: validation, loss=0.01683931, MAE_E=  276.07 meV, MAE_F=   33.84 meV / A
2025-09-26 00:26:09.445 INFO: Epoch 94: head: train, loss=0.00074996, MAE_E=  292.34 meV, MAE_F=    9.98 meV / A
2025-09-26 00:26:10.470 INFO: Epoch 94: head: validation, loss=0.01676882, MAE_E=  305.55 meV, MAE_F=   33.83 meV / A
2025-09-26 00:26:18.436 INFO: Epoch 95: head: train, loss=0.00076456, MAE_E=  299.33 meV, MAE_F=   10.03 meV / A
2025-09-26 00:26:19.438 INFO: Epoch 95: head: validation, loss=0.01665490, MAE_E=  312.96 meV, MAE_F=   33.78 meV / A
2025-09-26 00:26:19.442 DEBUG: Deleting old checkpoint file: ./bi0_logs//sample_0//checkpoints/bi0_run-123_epoch-75.pt
2025-09-26 00:26:19.442 DEBUG: Saving checkpoint: ./bi0_logs//sample_0//checkpoints/bi0_run-123_epoch-95.pt
2025-09-26 00:26:27.604 INFO: Epoch 96: head: train, loss=0.00072304, MAE_E=  285.73 meV, MAE_F=    9.79 meV / A
2025-09-26 00:26:28.648 INFO: Epoch 96: head: validation, loss=0.01670638, MAE_E=  299.11 meV, MAE_F=   33.75 meV / A
2025-09-26 00:26:36.736 INFO: Epoch 97: head: train, loss=0.00067406, MAE_E=  265.28 meV, MAE_F=    9.43 meV / A
2025-09-26 00:26:37.765 INFO: Epoch 97: head: validation, loss=0.01680033, MAE_E=  278.46 meV, MAE_F=   33.72 meV / A
2025-09-26 00:26:46.071 INFO: Epoch 98: head: train, loss=0.00065631, MAE_E=  261.77 meV, MAE_F=    9.32 meV / A
2025-09-26 00:26:47.226 INFO: Epoch 98: head: validation, loss=0.01681993, MAE_E=  275.89 meV, MAE_F=   33.67 meV / A
2025-09-26 00:26:55.357 INFO: Epoch 99: head: train, loss=0.00062062, MAE_E=  250.56 meV, MAE_F=    9.13 meV / A
2025-09-26 00:26:56.403 INFO: Epoch 99: head: validation, loss=0.01679233, MAE_E=  261.20 meV, MAE_F=   33.59 meV / A
2025-09-26 00:27:04.149 INFO: Epoch 100: head: train, loss=0.00061318, MAE_E=  241.34 meV, MAE_F=    9.09 meV / A
2025-09-26 00:27:05.076 INFO: Epoch 100: head: validation, loss=0.01683011, MAE_E=  253.79 meV, MAE_F=   33.52 meV / A
2025-09-26 00:27:12.974 INFO: Epoch 101: head: train, loss=0.00061944, MAE_E=  239.39 meV, MAE_F=    9.17 meV / A
2025-09-26 00:27:14.044 INFO: Epoch 101: head: validation, loss=0.01680822, MAE_E=  251.73 meV, MAE_F=   33.52 meV / A
2025-09-26 00:27:21.999 INFO: Epoch 102: head: train, loss=0.00060033, MAE_E=  237.09 meV, MAE_F=    9.09 meV / A
2025-09-26 00:27:22.899 INFO: Epoch 102: head: validation, loss=0.01664176, MAE_E=  249.30 meV, MAE_F=   33.40 meV / A
2025-09-26 00:27:22.901 DEBUG: Deleting old checkpoint file: ./bi0_logs//sample_0//checkpoints/bi0_run-123_epoch-95.pt
2025-09-26 00:27:22.901 DEBUG: Saving checkpoint: ./bi0_logs//sample_0//checkpoints/bi0_run-123_epoch-102.pt
2025-09-26 00:27:31.167 INFO: Epoch 103: head: train, loss=0.00057608, MAE_E=  235.76 meV, MAE_F=    8.90 meV / A
2025-09-26 00:27:32.085 INFO: Epoch 103: head: validation, loss=0.01673315, MAE_E=  246.60 meV, MAE_F=   33.35 meV / A
2025-09-26 00:27:40.070 INFO: Epoch 104: head: train, loss=0.00056895, MAE_E=  230.42 meV, MAE_F=    8.80 meV / A
2025-09-26 00:27:41.117 INFO: Epoch 104: head: validation, loss=0.01682308, MAE_E=  242.25 meV, MAE_F=   33.37 meV / A
2025-09-26 00:27:49.134 INFO: Epoch 105: head: train, loss=0.00053592, MAE_E=  228.06 meV, MAE_F=    8.58 meV / A
2025-09-26 00:27:50.162 INFO: Epoch 105: head: validation, loss=0.01683267, MAE_E=  239.17 meV, MAE_F=   33.34 meV / A
2025-09-26 00:27:58.117 INFO: Epoch 106: head: train, loss=0.00052841, MAE_E=  225.37 meV, MAE_F=    8.54 meV / A
2025-09-26 00:27:59.160 INFO: Epoch 106: head: validation, loss=0.01681921, MAE_E=  236.17 meV, MAE_F=   33.29 meV / A
2025-09-26 00:28:07.122 INFO: Epoch 107: head: train, loss=0.00051861, MAE_E=  220.92 meV, MAE_F=    8.51 meV / A
2025-09-26 00:28:08.023 INFO: Epoch 107: head: validation, loss=0.01682776, MAE_E=  231.03 meV, MAE_F=   33.25 meV / A
2025-09-26 00:28:16.275 INFO: Epoch 108: head: train, loss=0.00050097, MAE_E=  216.77 meV, MAE_F=    8.40 meV / A
2025-09-26 00:28:17.358 INFO: Epoch 108: head: validation, loss=0.01686314, MAE_E=  229.00 meV, MAE_F=   33.25 meV / A
2025-09-26 00:28:25.271 INFO: Epoch 109: head: train, loss=0.00049724, MAE_E=  216.24 meV, MAE_F=    8.34 meV / A
2025-09-26 00:28:26.304 INFO: Epoch 109: head: validation, loss=0.01687444, MAE_E=  227.31 meV, MAE_F=   33.23 meV / A
2025-09-26 00:28:34.183 INFO: Epoch 110: head: train, loss=0.00047534, MAE_E=  215.37 meV, MAE_F=    8.17 meV / A
2025-09-26 00:28:35.060 INFO: Epoch 110: head: validation, loss=0.01692000, MAE_E=  225.23 meV, MAE_F=   33.17 meV / A
2025-09-26 00:28:42.968 INFO: Epoch 111: head: train, loss=0.00045523, MAE_E=  209.56 meV, MAE_F=    8.02 meV / A
2025-09-26 00:28:44.077 INFO: Epoch 111: head: validation, loss=0.01694391, MAE_E=  220.00 meV, MAE_F=   33.16 meV / A
2025-09-26 00:28:52.027 INFO: Epoch 112: head: train, loss=0.00045697, MAE_E=  207.17 meV, MAE_F=    8.07 meV / A
2025-09-26 00:28:53.065 INFO: Epoch 112: head: validation, loss=0.01696265, MAE_E=  216.41 meV, MAE_F=   33.15 meV / A
2025-09-26 00:29:00.990 INFO: Epoch 113: head: train, loss=0.00044352, MAE_E=  203.84 meV, MAE_F=    7.92 meV / A
2025-09-26 00:29:01.937 INFO: Epoch 113: head: validation, loss=0.01694786, MAE_E=  214.20 meV, MAE_F=   33.08 meV / A
2025-09-26 00:29:09.925 INFO: Epoch 114: head: train, loss=0.00042467, MAE_E=  200.92 meV, MAE_F=    7.78 meV / A
2025-09-26 00:29:10.826 INFO: Epoch 114: head: validation, loss=0.01701381, MAE_E=  210.60 meV, MAE_F=   33.11 meV / A
2025-09-26 00:29:19.015 INFO: Epoch 115: head: train, loss=0.00041706, MAE_E=  196.18 meV, MAE_F=    7.73 meV / A
2025-09-26 00:29:20.047 INFO: Epoch 115: head: validation, loss=0.01703250, MAE_E=  207.37 meV, MAE_F=   33.10 meV / A
2025-09-26 00:29:28.235 INFO: Epoch 116: head: train, loss=0.00043155, MAE_E=  195.04 meV, MAE_F=    7.87 meV / A
2025-09-26 00:29:29.279 INFO: Epoch 116: head: validation, loss=0.01697940, MAE_E=  205.52 meV, MAE_F=   33.04 meV / A
2025-09-26 00:29:37.315 INFO: Epoch 117: head: train, loss=0.00043986, MAE_E=  197.65 meV, MAE_F=    7.96 meV / A
2025-09-26 00:29:38.380 INFO: Epoch 117: head: validation, loss=0.01686679, MAE_E=  207.58 meV, MAE_F=   32.96 meV / A
2025-09-26 00:29:46.492 INFO: Epoch 118: head: train, loss=0.00042773, MAE_E=  195.93 meV, MAE_F=    7.82 meV / A
2025-09-26 00:29:47.599 INFO: Epoch 118: head: validation, loss=0.01686031, MAE_E=  205.82 meV, MAE_F=   32.89 meV / A
2025-09-26 00:29:55.990 INFO: Epoch 119: head: train, loss=0.00043831, MAE_E=  195.92 meV, MAE_F=    7.92 meV / A
2025-09-26 00:29:57.003 INFO: Epoch 119: head: validation, loss=0.01686584, MAE_E=  206.82 meV, MAE_F=   32.97 meV / A
2025-09-26 00:30:05.094 INFO: Epoch 120: head: train, loss=0.00044775, MAE_E=  198.87 meV, MAE_F=    8.02 meV / A
2025-09-26 00:30:06.143 INFO: Epoch 120: head: validation, loss=0.01682116, MAE_E=  210.57 meV, MAE_F=   32.90 meV / A
2025-09-26 00:30:14.127 INFO: Epoch 121: head: train, loss=0.00046709, MAE_E=  207.23 meV, MAE_F=    8.19 meV / A
2025-09-26 00:30:15.121 INFO: Epoch 121: head: validation, loss=0.01679764, MAE_E=  218.56 meV, MAE_F=   32.93 meV / A
2025-09-26 00:30:23.168 INFO: Epoch 122: head: train, loss=0.00045723, MAE_E=  209.50 meV, MAE_F=    8.08 meV / A
2025-09-26 00:30:24.214 INFO: Epoch 122: head: validation, loss=0.01682087, MAE_E=  220.88 meV, MAE_F=   32.92 meV / A
2025-09-26 00:30:24.214 INFO: Stopping optimization after 20 epochs without improvement
2025-09-26 00:30:24.214 INFO: Training complete
2025-09-26 00:30:24.692 INFO: 
2025-09-26 00:30:24.693 INFO: ===========FINISHED TRAINING===========
2025-09-26 00:30:24.693 INFO: eveluation
2025-09-26 00:30:24.693 INFO: The scale is [0.64241423] and shift is -0.5473264791000858
2025-09-26 00:30:25.377 INFO: Energy Mean: -41723.583235677084, Variance: 442723900.8566108
2025-09-26 00:30:25.994 INFO: Energy RMSE: 0.41636744141578674
2025-09-26 00:30:25.994 INFO: Energy R2: 0.99999999960842
2025-09-26 00:30:25.994 INFO: Energy MAE: 0.2843424379825592
2025-09-26 00:30:25.998 INFO: Forces RMSE: 0.12570504735500346
2025-09-26 00:30:25.998 INFO: Forces R2: 0.9872143787450192
2025-09-26 00:30:28.965 INFO: Energy Mean: -41723.61380828373, Variance: 442725144.28497595
2025-09-26 00:30:29.091 INFO: Loading checkpoint: ./bi0_logs//sample_0//checkpoints/bi0_run-123_epoch-102.pt
2025-09-26 00:30:29.149 INFO: Loaded Stage one model from epoch 102 for evaluation
2025-09-26 00:30:29.149 INFO: Saving model to bi0_logs/sample_0/checkpoints/bi0_run-123.model
2025-09-26 00:30:29.355 INFO: Compiling model, saving metadata to bi0_logs/sample_0/bi0_compiled.model
2025-09-26 00:30:29.556 INFO: Done
