JOB_TMP=/scratch/slurm_tmpdir/job_3885628/pal_mace_traj_400K_SBIpxn
Available platforms: ['Reference', 'CPU', 'CUDA']
bi11-3_samples
Job temp dir: /scratch/slurm_tmpdir/job_3885628/pal_mace_traj_400K_SBIpxn
/scratch/slurm_tmpdir/job_3885628/pal_mace_traj_400K_SBIpxn/results/bi11-3_samples
Newly generated validation samples: 99
Performing stratified sampling based on 'source' column.
Stratified sampling successful: 72 samples selected.
each source distribution in sampled data:
source
synthesis_bi4    24
synthesis_bi2    24
real             24
Name: count, dtype: int64
finished generating batch trajectories
🔮 Loaded model 56 on cuda
>>> save_results triggered
sending incremental file list
./
bi11-3_samples/
bi11-3_samples/56_1000000steps_traj.h5.tmp
bi11-3_samples/56_1000000steps_traj_explosions.csv

sent 544,363,025 bytes  received 65 bytes  362,908,726.67 bytes/sec
total size is 544,229,877  speedup is 1.00
>>> Results copied to /lsdf/kit/int/hv3694/results/PAL_MACE/trajs/run_3885628_400K
>>> save_results triggered
sending incremental file list

sent 192 bytes  received 13 bytes  410.00 bytes/sec
total size is 544,229,877  speedup is 2,654,779.89
>>> Results copied to /lsdf/kit/int/hv3694/results/PAL_MACE/trajs/run_3885628_400K

============================= JOB FEEDBACK =============================

Job ID: 3885628
Cluster: hk
User/Group: hv3694/hk-project-aimat2
Account: hk-project-aimat2
State: TIMEOUT (exit code 0)
Partition: accelerated
Nodes: 1
Cores per node: 8
Nodelist: hkn0708
CPU Utilized: 1-16:30:38
CPU Efficiency: 12.66% of 13-08:02:00 core-walltime
Job Wall-clock time: 1-16:00:15
Starttime: Wed Mar  4 16:09:05 2026
Endtime: Fri Mar  6 08:09:20 2026
Memory Utilized: 57.67 GB
Memory Efficiency: 47.48% of 121.46 GB (121.46 GB/node)
Energy Consumed: 136226592 Joule / 37840.72 Watthours
Average node power draw: 945.919466722216 Watt
