JOB_TMP=/scratch/slurm_tmpdir/job_3909265/pal_mace_traj_550K_xdvpmV
Available platforms: ['Reference', 'CPU', 'CUDA']
bi11-3_samples
Job temp dir: /scratch/slurm_tmpdir/job_3909265/pal_mace_traj_550K_xdvpmV
/scratch/slurm_tmpdir/job_3909265/pal_mace_traj_550K_xdvpmV/results/bi11-3_samples
Newly generated validation samples: 99
Performing stratified sampling based on 'source' column.
Stratified sampling successful: 72 samples selected.
each source distribution in sampled data:
source
synthesis_bi4    24
synthesis_bi2    24
real             24
Name: count, dtype: int64
finished generating batch trajectories
🔮 Loaded model 56 on cuda
💥 Traj 11 (synthesis_bi2) exploded at step 8150 (max=30.08)
💥 Traj 12 (synthesis_bi2) exploded at step 9100 (max=30.20)
💥 Traj 38 (synthesis_bi2) exploded at step 10900 (max=30.25)
💥 Traj 45 (synthesis_bi2) exploded at step 11000 (max=30.15)
💥 Traj 6 (synthesis_bi2) exploded at step 12150 (max=30.17)
💥 Traj 32 (synthesis_bi2) exploded at step 16200 (max=30.29)
💥 Traj 19 (synthesis_bi2) exploded at step 19100 (max=30.20)
💥 Traj 33 (synthesis_bi2) exploded at step 52200 (max=30.49)
✅ Final file written: /scratch/slurm_tmpdir/job_3909265/pal_mace_traj_550K_xdvpmV/results/bi11-3_samples/56_1000000steps_traj.h5
✅ Finished run_mixed_skip_bad
Job finished cleanly.
>>> save_results triggered
sending incremental file list
./
bi11-3_samples/
bi11-3_samples/56_1000000steps_traj.h5
bi11-3_samples/56_1000000steps_traj_explosions.csv
bi11-3_samples/evaluate_timing_log.csv
bi11-3_samples/mace_log.csv
bi11-3_samples/mace_time_log.csv
bi11-3_samples/timing_log.csv

sent 576,908,891 bytes  received 141 bytes  230,763,612.80 bytes/sec
total size is 576,767,514  speedup is 1.00
>>> Results copied to /lsdf/kit/int/hv3694/results/PAL_MACE/trajs/run_3909265_550K

============================= JOB FEEDBACK =============================

Job ID: 3909265
Cluster: hk
User/Group: hv3694/hk-project-aimat2
Account: hk-project-aimat2
State: COMPLETED (exit code 0)
Partition: accelerated
Nodes: 1
Cores per node: 8
Nodelist: hkn0726
CPU Utilized: 21:21:14
CPU Efficiency: 12.86% of 6-21:59:28 core-walltime
Job Wall-clock time: 20:44:56
Starttime: Sat Mar 14 04:09:16 2026
Endtime: Sun Mar 15 00:54:12 2026
Memory Utilized: 45.78 GB
Memory Efficiency: 37.69% of 121.46 GB (121.46 GB/node)
Energy Consumed: 89966236 Joule / 24990.6211111111 Watthours
Average node power draw: 1204.43177680197 Watt
