JOB_TMP=/scratch/slurm_tmpdir/job_3899788/pal_mace_traj_600K_gEaa2l
Available platforms: ['Reference', 'CPU', 'CUDA']
bi11-3_samples
Job temp dir: /scratch/slurm_tmpdir/job_3899788/pal_mace_traj_600K_gEaa2l
/scratch/slurm_tmpdir/job_3899788/pal_mace_traj_600K_gEaa2l/results/bi11-3_samples
Newly generated validation samples: 99
Performing stratified sampling based on 'source' column.
Stratified sampling successful: 72 samples selected.
each source distribution in sampled data:
source
synthesis_bi4    24
synthesis_bi2    24
real             24
Name: count, dtype: int64
finished generating batch trajectories
🔮 Loaded model 56 on cuda
💥 Traj 32 (synthesis_bi2) exploded at step 10250 (max=30.35)
💥 Traj 33 (synthesis_bi2) exploded at step 10750 (max=30.13)
💥 Traj 45 (synthesis_bi2) exploded at step 12100 (max=30.24)
💥 Traj 40 (synthesis_bi2) exploded at step 22100 (max=30.04)
💥 Traj 10 (synthesis_bi2) exploded at step 26600 (max=30.03)
💥 Traj 27 (synthesis_bi2) exploded at step 801800 (max=30.21)
✅ Final file written: /scratch/slurm_tmpdir/job_3899788/pal_mace_traj_600K_gEaa2l/results/bi11-3_samples/56_1000000steps_traj.h5
✅ Finished run_mixed_skip_bad
Job finished cleanly.
>>> save_results triggered
sending incremental file list
./
bi11-3_samples/
bi11-3_samples/56_1000000steps_traj.h5
bi11-3_samples/56_1000000steps_traj_explosions.csv
bi11-3_samples/evaluate_timing_log.csv
bi11-3_samples/mace_log.csv
bi11-3_samples/mace_time_log.csv
bi11-3_samples/timing_log.csv

sent 584,101,972 bytes  received 141 bytes  389,401,408.67 bytes/sec
total size is 583,958,846  speedup is 1.00
>>> Results copied to /lsdf/kit/int/hv3694/results/PAL_MACE/trajs/run_3899788_600K

============================= JOB FEEDBACK =============================

Job ID: 3899788
Cluster: hk
User/Group: hv3694/hk-project-aimat2
Account: hk-project-aimat2
State: COMPLETED (exit code 0)
Partition: accelerated
Nodes: 1
Cores per node: 8
Nodelist: hkn0727
CPU Utilized: 20:51:22
CPU Efficiency: 12.82% of 6-18:37:52 core-walltime
Job Wall-clock time: 20:19:44
Starttime: Wed Mar 11 02:45:49 2026
Endtime: Wed Mar 11 23:05:33 2026
Memory Utilized: 47.41 GB
Memory Efficiency: 39.04% of 121.46 GB (121.46 GB/node)
Energy Consumed: 76844211 Joule / 21345.6141666667 Watthours
Average node power draw: 1050.01381449497 Watt
