JOB_TMP=/scratch/slurm_tmpdir/job_3899787/pal_mace_traj_400K_y2eTym
Available platforms: ['Reference', 'CPU', 'CUDA']
bi11-3_samples
Job temp dir: /scratch/slurm_tmpdir/job_3899787/pal_mace_traj_400K_y2eTym
/scratch/slurm_tmpdir/job_3899787/pal_mace_traj_400K_y2eTym/results/bi11-3_samples
Newly generated validation samples: 99
Performing stratified sampling based on 'source' column.
Stratified sampling successful: 72 samples selected.
each source distribution in sampled data:
source
synthesis_bi4    24
synthesis_bi2    24
real             24
Name: count, dtype: int64
finished generating batch trajectories
🔮 Loaded model 56 on cuda
💥 Traj 12 (synthesis_bi2) exploded at step 6700 (max=30.16)
💥 Traj 7 (synthesis_bi2) exploded at step 17400 (max=30.27)
💥 Traj 10 (synthesis_bi2) exploded at step 29350 (max=30.22)
💥 Traj 32 (synthesis_bi2) exploded at step 40650 (max=30.06)
💥 Traj 42 (synthesis_bi2) exploded at step 47750 (max=30.11)
💥 Traj 40 (synthesis_bi2) exploded at step 53450 (max=30.14)
✅ Final file written: /scratch/slurm_tmpdir/job_3899787/pal_mace_traj_400K_y2eTym/results/bi11-3_samples/56_1000000steps_traj.h5
✅ Finished run_mixed_skip_bad
Job finished cleanly.
>>> save_results triggered
sending incremental file list
./
bi11-3_samples/
bi11-3_samples/56_1000000steps_traj.h5
bi11-3_samples/56_1000000steps_traj_explosions.csv
bi11-3_samples/evaluate_timing_log.csv
bi11-3_samples/mace_log.csv
bi11-3_samples/mace_time_log.csv
bi11-3_samples/timing_log.csv

sent 582,283,971 bytes  received 141 bytes  388,189,408.00 bytes/sec
total size is 582,141,279  speedup is 1.00
>>> Results copied to /lsdf/kit/int/hv3694/results/PAL_MACE/trajs/run_3899787_400K

============================= JOB FEEDBACK =============================

Job ID: 3899787
Cluster: hk
User/Group: hv3694/hk-project-aimat2
Account: hk-project-aimat2
State: COMPLETED (exit code 0)
Partition: accelerated
Nodes: 1
Cores per node: 8
Nodelist: hkn0727
CPU Utilized: 20:49:58
CPU Efficiency: 12.82% of 6-18:30:40 core-walltime
Job Wall-clock time: 20:18:50
Starttime: Wed Mar 11 02:45:48 2026
Endtime: Wed Mar 11 23:04:38 2026
Memory Utilized: 47.01 GB
Memory Efficiency: 38.70% of 121.46 GB (121.46 GB/node)
Energy Consumed: 76797062 Joule / 21332.5172222222 Watthours
Average node power draw: 1050.14442773144 Watt
