JOB_TMP=/scratch/slurm_tmpdir/job_3897535/pal_mace_traj_700K_60M9vf
Available platforms: ['Reference', 'CPU', 'CUDA']
bi11-3_samples
Job temp dir: /scratch/slurm_tmpdir/job_3897535/pal_mace_traj_700K_60M9vf
/scratch/slurm_tmpdir/job_3897535/pal_mace_traj_700K_60M9vf/results/bi11-3_samples
Newly generated validation samples: 99
Performing stratified sampling based on 'source' column.
Stratified sampling successful: 72 samples selected.
each source distribution in sampled data:
source
synthesis_bi4    24
synthesis_bi2    24
real             24
Name: count, dtype: int64
finished generating batch trajectories
🔮 Loaded model 56 on cuda
💥 Traj 18 (synthesis_bi2) exploded at step 5250 (max=30.18)
💥 Traj 11 (synthesis_bi2) exploded at step 7100 (max=30.02)
💥 Traj 8 (synthesis_bi2) exploded at step 8900 (max=30.08)
💥 Traj 28 (synthesis_bi2) exploded at step 9450 (max=30.07)
💥 Traj 10 (synthesis_bi2) exploded at step 9700 (max=30.07)
💥 Traj 40 (synthesis_bi2) exploded at step 10150 (max=30.02)
💥 Traj 7 (synthesis_bi2) exploded at step 10650 (max=30.08)
💥 Traj 38 (synthesis_bi2) exploded at step 28650 (max=30.01)
💥 Traj 4 (synthesis_bi4) exploded at step 45900 (max=30.13)
💥 Traj 17 (synthesis_bi4) exploded at step 145650 (max=30.05)
💥 Traj 42 (synthesis_bi2) exploded at step 215200 (max=30.18)
💥 Traj 32 (synthesis_bi2) exploded at step 229150 (max=30.08)
💥 Traj 2 (synthesis_bi4) exploded at step 291300 (max=30.37)
💥 Traj 47 (synthesis_bi4) exploded at step 454200 (max=30.16)
💥 Traj 27 (synthesis_bi2) exploded at step 608000 (max=30.02)
💥 Traj 44 (synthesis_bi4) exploded at step 765000 (max=30.08)
💥 Traj 15 (synthesis_bi2) exploded at step 801650 (max=30.04)
💥 Traj 36 (synthesis_bi2) exploded at step 975350 (max=30.03)
✅ Final file written: /scratch/slurm_tmpdir/job_3897535/pal_mace_traj_700K_60M9vf/results/bi11-3_samples/56_1000000steps_traj.h5
✅ Finished run_mixed_skip_bad
Job finished cleanly.
>>> save_results triggered
sending incremental file list
./
bi11-3_samples/
bi11-3_samples/56_1000000steps_traj.h5
bi11-3_samples/56_1000000steps_traj_explosions.csv
bi11-3_samples/evaluate_timing_log.csv
bi11-3_samples/mace_log.csv
bi11-3_samples/mace_time_log.csv
bi11-3_samples/timing_log.csv

sent 562,439,129 bytes  received 141 bytes  160,696,934.29 bytes/sec
total size is 562,301,284  speedup is 1.00
>>> Results copied to /lsdf/kit/int/hv3694/results/PAL_MACE/trajs/run_3897535_700K

============================= JOB FEEDBACK =============================

Job ID: 3897535
Cluster: hk
User/Group: hv3694/hk-project-aimat2
Account: hk-project-aimat2
State: COMPLETED (exit code 0)
Partition: accelerated
Nodes: 1
Cores per node: 8
Nodelist: hkn0605
CPU Utilized: 19:29:23
CPU Efficiency: 12.85% of 6-07:38:00 core-walltime
Job Wall-clock time: 18:57:15
Starttime: Mon Mar  9 16:21:22 2026
Endtime: Tue Mar 10 11:18:37 2026
Memory Utilized: 41.93 GB
Memory Efficiency: 34.52% of 121.46 GB (121.46 GB/node)
Energy Consumed: 78790920 Joule / 21886.3666666667 Watthours
Average node power draw: 1154.69949439437 Watt
