JOB_TMP=/scratch/slurm_tmpdir/job_3897533/pal_mace_traj_300K_i9cKJQ
Available platforms: ['Reference', 'CPU', 'CUDA']
bi11-3_samples
Job temp dir: /scratch/slurm_tmpdir/job_3897533/pal_mace_traj_300K_i9cKJQ
/scratch/slurm_tmpdir/job_3897533/pal_mace_traj_300K_i9cKJQ/results/bi11-3_samples
Newly generated validation samples: 99
Performing stratified sampling based on 'source' column.
Stratified sampling successful: 72 samples selected.
each source distribution in sampled data:
source
synthesis_bi4    24
synthesis_bi2    24
real             24
Name: count, dtype: int64
finished generating batch trajectories
🔮 Loaded model 56 on cuda
💥 Traj 42 (synthesis_bi2) exploded at step 16950 (max=30.12)
💥 Traj 18 (synthesis_bi2) exploded at step 79150 (max=30.01)
💥 Traj 11 (synthesis_bi2) exploded at step 183700 (max=30.04)
✅ Final file written: /scratch/slurm_tmpdir/job_3897533/pal_mace_traj_300K_i9cKJQ/results/bi11-3_samples/56_1000000steps_traj.h5
✅ Finished run_mixed_skip_bad
Job finished cleanly.
>>> save_results triggered
sending incremental file list
./
bi11-3_samples/
bi11-3_samples/56_1000000steps_traj.h5
bi11-3_samples/56_1000000steps_traj_explosions.csv
bi11-3_samples/evaluate_timing_log.csv
bi11-3_samples/mace_log.csv
bi11-3_samples/mace_time_log.csv
bi11-3_samples/timing_log.csv

sent 590,389,389 bytes  received 141 bytes  236,155,812.00 bytes/sec
total size is 590,244,724  speedup is 1.00
>>> Results copied to /lsdf/kit/int/hv3694/results/PAL_MACE/trajs/run_3897533_300K

============================= JOB FEEDBACK =============================

Job ID: 3897533
Cluster: hk
User/Group: hv3694/hk-project-aimat2
Account: hk-project-aimat2
State: COMPLETED (exit code 0)
Partition: accelerated
Nodes: 1
Cores per node: 8
Nodelist: hkn0420
CPU Utilized: 22:15:57
CPU Efficiency: 12.78% of 7-06:16:40 core-walltime
Job Wall-clock time: 21:47:05
Starttime: Mon Mar  9 16:17:12 2026
Endtime: Tue Mar 10 14:04:17 2026
Memory Utilized: 49.33 GB
Memory Efficiency: 40.61% of 121.46 GB (121.46 GB/node)
Energy Consumed: 87421262 Joule / 24283.6838888889 Watthours
Average node power draw: 1114.71166082244 Watt
