JOB_TMP=/scratch/slurm_tmpdir/job_3897534/pal_mace_traj_500K_7bb3sV
Available platforms: ['Reference', 'CPU', 'CUDA']
bi11-3_samples
Job temp dir: /scratch/slurm_tmpdir/job_3897534/pal_mace_traj_500K_7bb3sV
/scratch/slurm_tmpdir/job_3897534/pal_mace_traj_500K_7bb3sV/results/bi11-3_samples
Newly generated validation samples: 99
Performing stratified sampling based on 'source' column.
Stratified sampling successful: 72 samples selected.
each source distribution in sampled data:
source
synthesis_bi4    24
synthesis_bi2    24
real             24
Name: count, dtype: int64
finished generating batch trajectories
🔮 Loaded model 56 on cuda
💥 Traj 7 (synthesis_bi2) exploded at step 6250 (max=30.24)
💥 Traj 11 (synthesis_bi2) exploded at step 9000 (max=30.26)
💥 Traj 8 (synthesis_bi2) exploded at step 11400 (max=30.14)
💥 Traj 33 (synthesis_bi2) exploded at step 18300 (max=30.20)
💥 Traj 16 (synthesis_bi2) exploded at step 21850 (max=30.08)
💥 Traj 10 (synthesis_bi2) exploded at step 47550 (max=30.07)
💥 Traj 12 (synthesis_bi2) exploded at step 183550 (max=30.21)
✅ Final file written: /scratch/slurm_tmpdir/job_3897534/pal_mace_traj_500K_7bb3sV/results/bi11-3_samples/56_1000000steps_traj.h5
✅ Finished run_mixed_skip_bad
Job finished cleanly.
>>> save_results triggered
sending incremental file list
./
bi11-3_samples/
bi11-3_samples/56_1000000steps_traj.h5
bi11-3_samples/56_1000000steps_traj_explosions.csv
bi11-3_samples/evaluate_timing_log.csv
bi11-3_samples/mace_log.csv
bi11-3_samples/mace_time_log.csv
bi11-3_samples/timing_log.csv

sent 579,948,086 bytes  received 141 bytes  231,979,290.80 bytes/sec
total size is 579,805,961  speedup is 1.00
>>> Results copied to /lsdf/kit/int/hv3694/results/PAL_MACE/trajs/run_3897534_500K

============================= JOB FEEDBACK =============================

Job ID: 3897534
Cluster: hk
User/Group: hv3694/hk-project-aimat2
Account: hk-project-aimat2
State: COMPLETED (exit code 0)
Partition: accelerated
Nodes: 1
Cores per node: 8
Nodelist: hkn0724
CPU Utilized: 20:47:51
CPU Efficiency: 12.80% of 6-18:29:28 core-walltime
Job Wall-clock time: 20:18:41
Starttime: Mon Mar  9 16:21:22 2026
Endtime: Tue Mar 10 12:40:03 2026
Memory Utilized: 46.45 GB
Memory Efficiency: 38.25% of 121.46 GB (121.46 GB/node)
Energy Consumed: 79526965 Joule / 22090.8236111111 Watthours
Average node power draw: 1087.60773238878 Watt
