JOB_TMP=/scratch/slurm_tmpdir/job_3909264/pal_mace_traj_450K_ibbsIP
Available platforms: ['Reference', 'CPU', 'CUDA']
bi11-3_samples
Job temp dir: /scratch/slurm_tmpdir/job_3909264/pal_mace_traj_450K_ibbsIP
/scratch/slurm_tmpdir/job_3909264/pal_mace_traj_450K_ibbsIP/results/bi11-3_samples
Newly generated validation samples: 99
Performing stratified sampling based on 'source' column.
Stratified sampling successful: 72 samples selected.
each source distribution in sampled data:
source
synthesis_bi4    24
synthesis_bi2    24
real             24
Name: count, dtype: int64
finished generating batch trajectories
🔮 Loaded model 56 on cuda
💥 Traj 11 (synthesis_bi2) exploded at step 8800 (max=30.15)
💥 Traj 12 (synthesis_bi2) exploded at step 14000 (max=30.30)
💥 Traj 10 (synthesis_bi2) exploded at step 14550 (max=30.04)
💥 Traj 28 (synthesis_bi2) exploded at step 16150 (max=30.21)
💥 Traj 27 (synthesis_bi2) exploded at step 21400 (max=30.14)
💥 Traj 45 (synthesis_bi2) exploded at step 28750 (max=30.14)
💥 Traj 18 (synthesis_bi2) exploded at step 37900 (max=30.14)
💥 Traj 7 (synthesis_bi2) exploded at step 39500 (max=30.17)
💥 Traj 6 (synthesis_bi2) exploded at step 48200 (max=30.05)
💥 Traj 38 (synthesis_bi2) exploded at step 68000 (max=30.02)
✅ Final file written: /scratch/slurm_tmpdir/job_3909264/pal_mace_traj_450K_ibbsIP/results/bi11-3_samples/56_1000000steps_traj.h5
✅ Finished run_mixed_skip_bad
Job finished cleanly.
>>> save_results triggered
sending incremental file list
./
bi11-3_samples/
bi11-3_samples/56_1000000steps_traj.h5
bi11-3_samples/56_1000000steps_traj_explosions.csv
bi11-3_samples/evaluate_timing_log.csv
bi11-3_samples/mace_log.csv
bi11-3_samples/mace_time_log.csv
bi11-3_samples/timing_log.csv

sent 572,068,637 bytes  received 141 bytes  381,379,185.33 bytes/sec
total size is 571,928,445  speedup is 1.00
>>> Results copied to /lsdf/kit/int/hv3694/results/PAL_MACE/trajs/run_3909264_450K

============================= JOB FEEDBACK =============================

Job ID: 3909264
Cluster: hk
User/Group: hv3694/hk-project-aimat2
Account: hk-project-aimat2
State: COMPLETED (exit code 0)
Partition: accelerated
Nodes: 1
Cores per node: 8
Nodelist: hkn0806
CPU Utilized: 20:37:22
CPU Efficiency: 12.82% of 6-16:48:24 core-walltime
Job Wall-clock time: 20:06:03
Starttime: Sat Mar 14 04:07:06 2026
Endtime: Sun Mar 15 00:13:09 2026
Memory Utilized: 44.33 GB
Memory Efficiency: 36.50% of 121.46 GB (121.46 GB/node)
Energy Consumed: 92128105 Joule / 25591.1402777778 Watthours
Average node power draw: 1273.13827508533 Watt
