JOB_TMP=/scratch/slurm_tmpdir/job_3909341/pal_mace_traj_575K_7WAWyi
Available platforms: ['Reference', 'CPU', 'CUDA']
bi11-3_samples
Job temp dir: /scratch/slurm_tmpdir/job_3909341/pal_mace_traj_575K_7WAWyi
/scratch/slurm_tmpdir/job_3909341/pal_mace_traj_575K_7WAWyi/results/bi11-3_samples
Newly generated validation samples: 99
Performing stratified sampling based on 'source' column.
Stratified sampling successful: 72 samples selected.
each source distribution in sampled data:
source
synthesis_bi4    24
synthesis_bi2    24
real             24
Name: count, dtype: int64
finished generating batch trajectories
🔮 Loaded model 56 on cuda
💥 Traj 40 (synthesis_bi2) exploded at step 9800 (max=30.02)
💥 Traj 45 (synthesis_bi2) exploded at step 28250 (max=30.40)
💥 Traj 11 (synthesis_bi2) exploded at step 34050 (max=30.00)
✅ Final file written: /scratch/slurm_tmpdir/job_3909341/pal_mace_traj_575K_7WAWyi/results/bi11-3_samples/56_1000000steps_traj.h5
✅ Finished run_mixed_skip_bad
Job finished cleanly.
>>> save_results triggered
sending incremental file list
./
bi11-3_samples/
bi11-3_samples/56_1000000steps_traj.h5
bi11-3_samples/56_1000000steps_traj_explosions.csv
bi11-3_samples/evaluate_timing_log.csv
bi11-3_samples/mace_log.csv
bi11-3_samples/mace_time_log.csv
bi11-3_samples/timing_log.csv

sent 589,835,191 bytes  received 141 bytes  393,223,554.67 bytes/sec
total size is 589,690,662  speedup is 1.00
>>> Results copied to /lsdf/kit/int/hv3694/results/PAL_MACE/trajs/run_3909341_575K

============================= JOB FEEDBACK =============================

Job ID: 3909341
Cluster: hk
User/Group: hv3694/hk-project-aimat2
Account: hk-project-aimat2
State: COMPLETED (exit code 0)
Partition: accelerated
Nodes: 1
Cores per node: 8
Nodelist: hkn0631
CPU Utilized: 21:35:17
CPU Efficiency: 12.81% of 7-00:30:24 core-walltime
Job Wall-clock time: 21:03:48
Starttime: Sat Mar 14 07:32:48 2026
Endtime: Sun Mar 15 04:36:36 2026
Memory Utilized: 49.21 GB
Memory Efficiency: 40.52% of 121.46 GB (121.46 GB/node)
Energy Consumed: 96791920 Joule / 26886.6444444444 Watthours
Average node power draw: 1276.46674051801 Watt
