JOB_TMP=/scratch/slurm_tmpdir/job_3909340/pal_mace_traj_525K_Wy8afv
Available platforms: ['Reference', 'CPU', 'CUDA']
bi11-3_samples
Job temp dir: /scratch/slurm_tmpdir/job_3909340/pal_mace_traj_525K_Wy8afv
/scratch/slurm_tmpdir/job_3909340/pal_mace_traj_525K_Wy8afv/results/bi11-3_samples
Newly generated validation samples: 99
Performing stratified sampling based on 'source' column.
Stratified sampling successful: 72 samples selected.
each source distribution in sampled data:
source
synthesis_bi4    24
synthesis_bi2    24
real             24
Name: count, dtype: int64
finished generating batch trajectories
🔮 Loaded model 56 on cuda
💥 Traj 11 (synthesis_bi2) exploded at step 6600 (max=30.58)
💥 Traj 16 (synthesis_bi2) exploded at step 9300 (max=30.24)
💥 Traj 18 (synthesis_bi2) exploded at step 15500 (max=30.00)
💥 Traj 42 (synthesis_bi2) exploded at step 15750 (max=30.04)
💥 Traj 6 (synthesis_bi2) exploded at step 20750 (max=30.29)
💥 Traj 15 (synthesis_bi2) exploded at step 22900 (max=30.15)
✅ Final file written: /scratch/slurm_tmpdir/job_3909340/pal_mace_traj_525K_Wy8afv/results/bi11-3_samples/56_1000000steps_traj.h5
✅ Finished run_mixed_skip_bad
Job finished cleanly.
>>> save_results triggered
sending incremental file list
./
bi11-3_samples/
bi11-3_samples/56_1000000steps_traj.h5
bi11-3_samples/56_1000000steps_traj_explosions.csv
bi11-3_samples/evaluate_timing_log.csv
bi11-3_samples/mace_log.csv
bi11-3_samples/mace_time_log.csv
bi11-3_samples/timing_log.csv

sent 582,025,962 bytes  received 141 bytes  388,017,402.00 bytes/sec
total size is 581,883,336  speedup is 1.00
>>> Results copied to /lsdf/kit/int/hv3694/results/PAL_MACE/trajs/run_3909340_525K

============================= JOB FEEDBACK =============================

Job ID: 3909340
Cluster: hk
User/Group: hv3694/hk-project-aimat2
Account: hk-project-aimat2
State: COMPLETED (exit code 0)
Partition: accelerated
Nodes: 1
Cores per node: 8
Nodelist: hkn0705
CPU Utilized: 20:37:42
CPU Efficiency: 12.83% of 6-16:50:24 core-walltime
Job Wall-clock time: 20:06:18
Starttime: Sat Mar 14 07:30:37 2026
Endtime: Sun Mar 15 03:36:55 2026
Memory Utilized: 47.06 GB
Memory Efficiency: 38.75% of 121.46 GB (121.46 GB/node)
Energy Consumed: 78308348 Joule / 21752.3188888889 Watthours
Average node power draw: 1081.93578159109 Watt
