JOB_TMP=/scratch/slurm_tmpdir/job_3909339/pal_mace_traj_500K_sOuSYg
Available platforms: ['Reference', 'CPU', 'CUDA']
bi11-3_samples
Job temp dir: /scratch/slurm_tmpdir/job_3909339/pal_mace_traj_500K_sOuSYg
/scratch/slurm_tmpdir/job_3909339/pal_mace_traj_500K_sOuSYg/results/bi11-3_samples
Newly generated validation samples: 99
Performing stratified sampling based on 'source' column.
Stratified sampling successful: 72 samples selected.
each source distribution in sampled data:
source
synthesis_bi4    24
synthesis_bi2    24
real             24
Name: count, dtype: int64
finished generating batch trajectories
🔮 Loaded model 56 on cuda
💥 Traj 28 (synthesis_bi2) exploded at step 10900 (max=30.23)
💥 Traj 40 (synthesis_bi2) exploded at step 19300 (max=30.19)
💥 Traj 11 (synthesis_bi2) exploded at step 33100 (max=30.14)
✅ Final file written: /scratch/slurm_tmpdir/job_3909339/pal_mace_traj_500K_sOuSYg/results/bi11-3_samples/56_1000000steps_traj.h5
✅ Finished run_mixed_skip_bad
Job finished cleanly.
>>> save_results triggered
sending incremental file list
./
bi11-3_samples/
bi11-3_samples/56_1000000steps_traj.h5
bi11-3_samples/56_1000000steps_traj_explosions.csv
bi11-3_samples/evaluate_timing_log.csv
bi11-3_samples/mace_log.csv
bi11-3_samples/mace_time_log.csv
bi11-3_samples/timing_log.csv

sent 589,817,755 bytes  received 141 bytes  393,211,930.67 bytes/sec
total size is 589,673,224  speedup is 1.00
>>> Results copied to /lsdf/kit/int/hv3694/results/PAL_MACE/trajs/run_3909339_500K

============================= JOB FEEDBACK =============================

Job ID: 3909339
Cluster: hk
User/Group: hv3694/hk-project-aimat2
Account: hk-project-aimat2
State: COMPLETED (exit code 0)
Partition: accelerated
Nodes: 1
Cores per node: 8
Nodelist: hkn0628
CPU Utilized: 22:17:00
CPU Efficiency: 12.83% of 7-05:38:08 core-walltime
Job Wall-clock time: 21:42:16
Starttime: Sat Mar 14 07:21:56 2026
Endtime: Sun Mar 15 05:04:12 2026
Memory Utilized: 49.19 GB
Memory Efficiency: 40.50% of 121.46 GB (121.46 GB/node)
Energy Consumed: 89034702 Joule / 24731.8616666667 Watthours
Average node power draw: 1139.48374628852 Watt
