2025-09-26 00:30:30.604 INFO: ===========VERIFYING SETTINGS===========
2025-09-26 00:30:30.605 INFO: MACE version: 0.3.13
2025-09-26 00:30:30.605 INFO: CUDA version: 12.1, CUDA device: 0
2025-09-26 00:30:30.612 INFO: ===========LOADING INPUT DATA===========
2025-09-26 00:30:30.612 INFO: Using heads: ['Default']
2025-09-26 00:30:30.612 INFO: =============    Processing head Default     ===========
2025-09-26 00:30:30.612 INFO: Total number of configurations: train=2520, valid=630, 
2025-09-26 00:30:30.646 INFO: Atomic Numbers used: [83]
2025-09-26 00:30:30.646 INFO: Computing average Atomic Energies using least squares regression
2025-09-26 00:30:30.672 INFO: Atomic Energies used (z: eV) for head Default: {83: -5841.104995376341}
2025-09-26 00:30:31.573 INFO: Computing average number of neighbors
2025-09-26 00:30:32.455 INFO: Average number of neighbors: 7.863692549724688
2025-09-26 00:30:32.456 INFO: During training the following quantities will be reported: energy, forces
2025-09-26 00:30:32.456 INFO: ===========MODEL DETAILS===========
2025-09-26 00:30:32.456 INFO: Building model
2025-09-26 00:30:32.456 INFO: Message passing with 128 channels and max_L=1 (128x0e+128x1o)
2025-09-26 00:30:32.458 INFO: 2 layers, each with correlation order: 3 (body order: 4) and spherical harmonics up to: l=3
2025-09-26 00:30:32.458 INFO: 8 radial and 5 basis functions
2025-09-26 00:30:32.458 INFO: Radial cutoff: 9.0 A (total receptive field for each atom: 18.0 A)
2025-09-26 00:30:32.458 INFO: Distance transform for radial basis functions: None
2025-09-26 00:30:32.458 INFO: Hidden irreps: 128x0e+128x1o
2025-09-26 00:30:34.565 INFO: Total number of parameters: 509618
2025-09-26 00:30:34.565 INFO: 
2025-09-26 00:30:34.565 INFO: ===========OPTIMIZER INFORMATION===========
2025-09-26 00:30:34.566 INFO: Using ADAM as parameter optimizer
2025-09-26 00:30:34.566 INFO: Batch size: 32
2025-09-26 00:30:34.566 INFO: Using Exponential Moving Average with decay: 0.99
2025-09-26 00:30:34.566 INFO: Number of gradient updates: 23625
2025-09-26 00:30:34.566 INFO: Learning rate: 0.01, weight decay: 5e-07
2025-09-26 00:30:34.566 INFO: WeightedEnergyForcesLoss(energy_weight=1.000, forces_weight=100.000)
2025-09-26 00:30:34.567 INFO: Using gradient clipping with tolerance=10.000
2025-09-26 00:30:34.567 INFO: 
2025-09-26 00:30:34.567 INFO: ===========TRAINING===========
2025-09-26 00:30:34.567 INFO: Started training, reporting errors on validation set
2025-09-26 00:30:34.567 INFO: Loss metrics on validation set
2025-09-26 00:30:35.940 INFO: Initial: head: validation, loss=1.80145880, MAE_E=15499.22 meV, MAE_F=  454.27 meV / A
2025-09-26 00:30:44.294 INFO: Epoch 0: head: train, loss=0.32751322, MAE_E= 4506.73 meV, MAE_F=  217.96 meV / A
2025-09-26 00:30:45.321 INFO: Epoch 0: head: validation, loss=0.34160964, MAE_E= 4513.80 meV, MAE_F=  221.91 meV / A
2025-09-26 00:30:53.833 INFO: Epoch 1: head: train, loss=0.32570247, MAE_E= 4387.42 meV, MAE_F=  222.68 meV / A
2025-09-26 00:30:55.026 INFO: Epoch 1: head: validation, loss=0.34011809, MAE_E= 4397.64 meV, MAE_F=  224.86 meV / A
2025-09-26 00:31:03.258 INFO: Epoch 2: head: train, loss=0.17840436, MAE_E= 4644.32 meV, MAE_F=  158.61 meV / A
2025-09-26 00:31:04.415 INFO: Epoch 2: head: validation, loss=0.19184557, MAE_E= 4652.42 meV, MAE_F=  162.68 meV / A
2025-09-26 00:31:12.942 INFO: Epoch 3: head: train, loss=0.14398477, MAE_E= 5231.62 meV, MAE_F=  141.45 meV / A
2025-09-26 00:31:14.054 INFO: Epoch 3: head: validation, loss=0.15227852, MAE_E= 5231.76 meV, MAE_F=  144.63 meV / A
2025-09-26 00:31:22.703 INFO: Epoch 4: head: train, loss=0.11420070, MAE_E= 4551.45 meV, MAE_F=  123.02 meV / A
2025-09-26 00:31:23.719 INFO: Epoch 4: head: validation, loss=0.11920182, MAE_E= 4578.47 meV, MAE_F=  125.46 meV / A
2025-09-26 00:31:32.323 INFO: Epoch 5: head: train, loss=0.09039800, MAE_E= 5233.92 meV, MAE_F=  105.00 meV / A
2025-09-26 00:31:33.474 INFO: Epoch 5: head: validation, loss=0.09497370, MAE_E= 5241.55 meV, MAE_F=  107.52 meV / A
2025-09-26 00:31:41.730 INFO: Epoch 6: head: train, loss=0.07175472, MAE_E= 4445.52 meV, MAE_F=   90.68 meV / A
2025-09-26 00:31:42.746 INFO: Epoch 6: head: validation, loss=0.07656431, MAE_E= 4468.00 meV, MAE_F=   93.97 meV / A
2025-09-26 00:31:51.244 INFO: Epoch 7: head: train, loss=0.05951597, MAE_E= 3876.02 meV, MAE_F=   82.32 meV / A
2025-09-26 00:31:52.405 INFO: Epoch 7: head: validation, loss=0.06458484, MAE_E= 3889.08 meV, MAE_F=   85.72 meV / A
2025-09-26 00:32:01.039 INFO: Epoch 8: head: train, loss=0.04873141, MAE_E= 3041.36 meV, MAE_F=   74.79 meV / A
2025-09-26 00:32:02.158 INFO: Epoch 8: head: validation, loss=0.05392357, MAE_E= 3066.99 meV, MAE_F=   78.45 meV / A
2025-09-26 00:32:10.692 INFO: Epoch 9: head: train, loss=0.04427682, MAE_E= 2820.62 meV, MAE_F=   71.58 meV / A
2025-09-26 00:32:11.829 INFO: Epoch 9: head: validation, loss=0.04987820, MAE_E= 2835.24 meV, MAE_F=   75.05 meV / A
2025-09-26 00:32:20.265 INFO: Epoch 10: head: train, loss=0.04206066, MAE_E= 2548.64 meV, MAE_F=   70.54 meV / A
2025-09-26 00:32:21.451 INFO: Epoch 10: head: validation, loss=0.04803911, MAE_E= 2561.77 meV, MAE_F=   74.54 meV / A
2025-09-26 00:32:29.826 INFO: Epoch 11: head: train, loss=0.03527818, MAE_E= 2097.75 meV, MAE_F=   64.13 meV / A
2025-09-26 00:32:30.827 INFO: Epoch 11: head: validation, loss=0.04159889, MAE_E= 2112.69 meV, MAE_F=   68.25 meV / A
2025-09-26 00:32:39.151 INFO: Epoch 12: head: train, loss=0.03109792, MAE_E= 1901.85 meV, MAE_F=   59.65 meV / A
2025-09-26 00:32:40.180 INFO: Epoch 12: head: validation, loss=0.03786224, MAE_E= 1919.75 meV, MAE_F=   64.37 meV / A
2025-09-26 00:32:48.528 INFO: Epoch 13: head: train, loss=0.02707672, MAE_E= 1676.54 meV, MAE_F=   55.79 meV / A
2025-09-26 00:32:49.530 INFO: Epoch 13: head: validation, loss=0.03452352, MAE_E= 1687.48 meV, MAE_F=   61.33 meV / A
2025-09-26 00:32:58.092 INFO: Epoch 14: head: train, loss=0.02529658, MAE_E= 1617.55 meV, MAE_F=   54.12 meV / A
2025-09-26 00:32:59.262 INFO: Epoch 14: head: validation, loss=0.03314010, MAE_E= 1628.29 meV, MAE_F=   60.18 meV / A
2025-09-26 00:33:07.577 INFO: Epoch 15: head: train, loss=0.02329717, MAE_E= 1567.40 meV, MAE_F=   51.78 meV / A
2025-09-26 00:33:08.717 INFO: Epoch 15: head: validation, loss=0.03190844, MAE_E= 1576.33 meV, MAE_F=   58.62 meV / A
2025-09-26 00:33:17.097 INFO: Epoch 16: head: train, loss=0.02056208, MAE_E= 1414.88 meV, MAE_F=   48.54 meV / A
2025-09-26 00:33:18.070 INFO: Epoch 16: head: validation, loss=0.02985401, MAE_E= 1422.92 meV, MAE_F=   56.29 meV / A
2025-09-26 00:33:26.334 INFO: Epoch 17: head: train, loss=0.01855958, MAE_E= 1286.20 meV, MAE_F=   45.98 meV / A
2025-09-26 00:33:27.341 INFO: Epoch 17: head: validation, loss=0.02843086, MAE_E= 1296.40 meV, MAE_F=   54.41 meV / A
2025-09-26 00:33:35.967 INFO: Epoch 18: head: train, loss=0.01673214, MAE_E= 1221.48 meV, MAE_F=   43.41 meV / A
2025-09-26 00:33:37.142 INFO: Epoch 18: head: validation, loss=0.02732264, MAE_E= 1231.34 meV, MAE_F=   52.91 meV / A
2025-09-26 00:33:45.527 INFO: Epoch 19: head: train, loss=0.01547481, MAE_E= 1189.57 meV, MAE_F=   41.98 meV / A
2025-09-26 00:33:46.557 INFO: Epoch 19: head: validation, loss=0.02673875, MAE_E= 1197.76 meV, MAE_F=   52.07 meV / A
2025-09-26 00:33:55.128 INFO: Epoch 20: head: train, loss=0.01427006, MAE_E= 1198.19 meV, MAE_F=   40.24 meV / A
2025-09-26 00:33:56.304 INFO: Epoch 20: head: validation, loss=0.02590393, MAE_E= 1202.38 meV, MAE_F=   50.95 meV / A
2025-09-26 00:34:04.846 INFO: Epoch 21: head: train, loss=0.01291797, MAE_E= 1100.41 meV, MAE_F=   38.09 meV / A
2025-09-26 00:34:06.026 INFO: Epoch 21: head: validation, loss=0.02496427, MAE_E= 1109.61 meV, MAE_F=   49.67 meV / A
2025-09-26 00:34:14.436 INFO: Epoch 22: head: train, loss=0.01178998, MAE_E= 1054.57 meV, MAE_F=   36.26 meV / A
2025-09-26 00:34:15.693 INFO: Epoch 22: head: validation, loss=0.02425808, MAE_E= 1063.90 meV, MAE_F=   48.76 meV / A
2025-09-26 00:34:24.027 INFO: Epoch 23: head: train, loss=0.01103972, MAE_E= 1019.54 meV, MAE_F=   35.16 meV / A
2025-09-26 00:34:25.252 INFO: Epoch 23: head: validation, loss=0.02380000, MAE_E= 1028.28 meV, MAE_F=   48.12 meV / A
2025-09-26 00:34:33.861 INFO: Epoch 24: head: train, loss=0.01024360, MAE_E=  973.11 meV, MAE_F=   33.72 meV / A
2025-09-26 00:34:35.001 INFO: Epoch 24: head: validation, loss=0.02323149, MAE_E=  979.83 meV, MAE_F=   47.20 meV / A
2025-09-26 00:34:43.531 INFO: Epoch 25: head: train, loss=0.00939798, MAE_E=  950.69 meV, MAE_F=   32.44 meV / A
2025-09-26 00:34:44.668 INFO: Epoch 25: head: validation, loss=0.02266069, MAE_E=  958.79 meV, MAE_F=   46.40 meV / A
2025-09-26 00:34:53.293 INFO: Epoch 26: head: train, loss=0.00887483, MAE_E=  906.13 meV, MAE_F=   31.48 meV / A
2025-09-26 00:34:54.493 INFO: Epoch 26: head: validation, loss=0.02228568, MAE_E=  915.30 meV, MAE_F=   45.90 meV / A
2025-09-26 00:35:03.006 INFO: Epoch 27: head: train, loss=0.00828740, MAE_E=  882.13 meV, MAE_F=   30.39 meV / A
2025-09-26 00:35:04.047 INFO: Epoch 27: head: validation, loss=0.02184000, MAE_E=  891.25 meV, MAE_F=   45.27 meV / A
2025-09-26 00:35:12.344 INFO: Epoch 28: head: train, loss=0.00759820, MAE_E=  853.88 meV, MAE_F=   29.24 meV / A
2025-09-26 00:35:13.318 INFO: Epoch 28: head: validation, loss=0.02154526, MAE_E=  861.21 meV, MAE_F=   44.68 meV / A
2025-09-26 00:35:21.769 INFO: Epoch 29: head: train, loss=0.00721384, MAE_E=  836.47 meV, MAE_F=   28.36 meV / A
2025-09-26 00:35:22.909 INFO: Epoch 29: head: validation, loss=0.02107936, MAE_E=  843.73 meV, MAE_F=   44.08 meV / A
2025-09-26 00:35:31.574 INFO: Epoch 30: head: train, loss=0.00688227, MAE_E=  840.87 meV, MAE_F=   27.78 meV / A
2025-09-26 00:35:32.711 INFO: Epoch 30: head: validation, loss=0.02095878, MAE_E=  849.90 meV, MAE_F=   43.84 meV / A
2025-09-26 00:35:41.085 INFO: Epoch 31: head: train, loss=0.00651706, MAE_E=  806.68 meV, MAE_F=   26.96 meV / A
2025-09-26 00:35:42.202 INFO: Epoch 31: head: validation, loss=0.02066631, MAE_E=  813.58 meV, MAE_F=   43.37 meV / A
2025-09-26 00:35:50.644 INFO: Epoch 32: head: train, loss=0.00610575, MAE_E=  792.23 meV, MAE_F=   26.06 meV / A
2025-09-26 00:35:51.879 INFO: Epoch 32: head: validation, loss=0.02050647, MAE_E=  801.29 meV, MAE_F=   43.05 meV / A
2025-09-26 00:36:00.519 INFO: Epoch 33: head: train, loss=0.00577390, MAE_E=  802.00 meV, MAE_F=   25.45 meV / A
2025-09-26 00:36:01.710 INFO: Epoch 33: head: validation, loss=0.02029872, MAE_E=  808.91 meV, MAE_F=   42.74 meV / A
2025-09-26 00:36:10.224 INFO: Epoch 34: head: train, loss=0.00533301, MAE_E=  747.90 meV, MAE_F=   24.55 meV / A
2025-09-26 00:36:11.228 INFO: Epoch 34: head: validation, loss=0.02023081, MAE_E=  758.07 meV, MAE_F=   42.50 meV / A
2025-09-26 00:36:19.459 INFO: Epoch 35: head: train, loss=0.00494400, MAE_E=  731.73 meV, MAE_F=   23.67 meV / A
2025-09-26 00:36:20.471 INFO: Epoch 35: head: validation, loss=0.02014795, MAE_E=  738.65 meV, MAE_F=   42.19 meV / A
2025-09-26 00:36:28.879 INFO: Epoch 36: head: train, loss=0.00469043, MAE_E=  702.99 meV, MAE_F=   23.06 meV / A
2025-09-26 00:36:30.043 INFO: Epoch 36: head: validation, loss=0.01989680, MAE_E=  710.42 meV, MAE_F=   41.86 meV / A
2025-09-26 00:36:38.466 INFO: Epoch 37: head: train, loss=0.00453182, MAE_E=  706.35 meV, MAE_F=   22.64 meV / A
2025-09-26 00:36:39.484 INFO: Epoch 37: head: validation, loss=0.01973275, MAE_E=  713.81 meV, MAE_F=   41.57 meV / A
2025-09-26 00:36:47.711 INFO: Epoch 38: head: train, loss=0.00431775, MAE_E=  707.06 meV, MAE_F=   22.12 meV / A
2025-09-26 00:36:48.818 INFO: Epoch 38: head: validation, loss=0.01972128, MAE_E=  718.31 meV, MAE_F=   41.51 meV / A
2025-09-26 00:36:57.311 INFO: Epoch 39: head: train, loss=0.00405343, MAE_E=  671.77 meV, MAE_F=   21.45 meV / A
2025-09-26 00:36:58.340 INFO: Epoch 39: head: validation, loss=0.01953457, MAE_E=  682.83 meV, MAE_F=   41.20 meV / A
2025-09-26 00:37:06.945 INFO: Epoch 40: head: train, loss=0.00382229, MAE_E=  641.49 meV, MAE_F=   20.77 meV / A
2025-09-26 00:37:08.100 INFO: Epoch 40: head: validation, loss=0.01942940, MAE_E=  650.87 meV, MAE_F=   40.91 meV / A
2025-09-26 00:37:16.725 INFO: Epoch 41: head: train, loss=0.00355062, MAE_E=  629.23 meV, MAE_F=   20.15 meV / A
2025-09-26 00:37:17.738 INFO: Epoch 41: head: validation, loss=0.01928963, MAE_E=  637.50 meV, MAE_F=   40.66 meV / A
2025-09-26 00:37:26.305 INFO: Epoch 42: head: train, loss=0.00356026, MAE_E=  647.75 meV, MAE_F=   20.25 meV / A
2025-09-26 00:37:27.514 INFO: Epoch 42: head: validation, loss=0.01925611, MAE_E=  658.90 meV, MAE_F=   40.64 meV / A
2025-09-26 00:37:36.002 INFO: Epoch 43: head: train, loss=0.00340167, MAE_E=  638.54 meV, MAE_F=   19.78 meV / A
2025-09-26 00:37:37.045 INFO: Epoch 43: head: validation, loss=0.01925796, MAE_E=  646.84 meV, MAE_F=   40.50 meV / A
2025-09-26 00:37:45.684 INFO: Epoch 44: head: train, loss=0.00332967, MAE_E=  642.82 meV, MAE_F=   19.53 meV / A
2025-09-26 00:37:46.831 INFO: Epoch 44: head: validation, loss=0.01925638, MAE_E=  653.19 meV, MAE_F=   40.49 meV / A
2025-09-26 00:37:55.103 INFO: Epoch 45: head: train, loss=0.00315811, MAE_E=  631.14 meV, MAE_F=   19.03 meV / A
2025-09-26 00:37:56.116 INFO: Epoch 45: head: validation, loss=0.01911384, MAE_E=  639.75 meV, MAE_F=   40.27 meV / A
2025-09-26 00:38:04.490 INFO: Epoch 46: head: train, loss=0.00306462, MAE_E=  611.97 meV, MAE_F=   18.69 meV / A
2025-09-26 00:38:05.541 INFO: Epoch 46: head: validation, loss=0.01908463, MAE_E=  620.99 meV, MAE_F=   40.06 meV / A
2025-09-26 00:38:13.861 INFO: Epoch 47: head: train, loss=0.00318425, MAE_E=  659.92 meV, MAE_F=   19.08 meV / A
2025-09-26 00:38:14.988 INFO: Epoch 47: head: validation, loss=0.01899373, MAE_E=  671.70 meV, MAE_F=   40.04 meV / A
2025-09-26 00:38:24.276 INFO: Epoch 48: head: train, loss=0.00305991, MAE_E=  646.33 meV, MAE_F=   18.73 meV / A
2025-09-26 00:38:25.526 INFO: Epoch 48: head: validation, loss=0.01905211, MAE_E=  655.29 meV, MAE_F=   39.95 meV / A
2025-09-26 00:38:33.909 INFO: Epoch 49: head: train, loss=0.00281175, MAE_E=  621.17 meV, MAE_F=   18.09 meV / A
2025-09-26 00:38:35.084 INFO: Epoch 49: head: validation, loss=0.01902120, MAE_E=  628.28 meV, MAE_F=   39.78 meV / A
2025-09-26 00:38:43.474 INFO: Epoch 50: head: train, loss=0.00258525, MAE_E=  581.73 meV, MAE_F=   17.44 meV / A
2025-09-26 00:38:44.686 INFO: Epoch 50: head: validation, loss=0.01906308, MAE_E=  593.66 meV, MAE_F=   39.62 meV / A
2025-09-26 00:38:53.088 INFO: Epoch 51: head: train, loss=0.00247895, MAE_E=  572.12 meV, MAE_F=   16.99 meV / A
2025-09-26 00:38:54.081 INFO: Epoch 51: head: validation, loss=0.01901852, MAE_E=  578.75 meV, MAE_F=   39.35 meV / A
2025-09-26 00:39:02.634 INFO: Epoch 52: head: train, loss=0.00242008, MAE_E=  551.84 meV, MAE_F=   16.81 meV / A
2025-09-26 00:39:03.819 INFO: Epoch 52: head: validation, loss=0.01896511, MAE_E=  559.50 meV, MAE_F=   39.25 meV / A
2025-09-26 00:39:12.354 INFO: Epoch 53: head: train, loss=0.00232865, MAE_E=  548.84 meV, MAE_F=   16.58 meV / A
2025-09-26 00:39:13.554 INFO: Epoch 53: head: validation, loss=0.01897884, MAE_E=  556.69 meV, MAE_F=   39.35 meV / A
2025-09-26 00:39:22.123 INFO: Epoch 54: head: train, loss=0.00218220, MAE_E=  529.84 meV, MAE_F=   16.05 meV / A
2025-09-26 00:39:23.259 INFO: Epoch 54: head: validation, loss=0.01901561, MAE_E=  539.33 meV, MAE_F=   39.18 meV / A
2025-09-26 00:39:31.782 INFO: Epoch 55: head: train, loss=0.00208650, MAE_E=  520.28 meV, MAE_F=   15.67 meV / A
2025-09-26 00:39:32.897 INFO: Epoch 55: head: validation, loss=0.01900503, MAE_E=  529.26 meV, MAE_F=   39.02 meV / A
2025-09-26 00:39:41.153 INFO: Epoch 56: head: train, loss=0.00201605, MAE_E=  508.33 meV, MAE_F=   15.46 meV / A
2025-09-26 00:39:42.183 INFO: Epoch 56: head: validation, loss=0.01897543, MAE_E=  516.33 meV, MAE_F=   38.89 meV / A
2025-09-26 00:39:50.442 INFO: Epoch 57: head: train, loss=0.00198818, MAE_E=  499.75 meV, MAE_F=   15.41 meV / A
2025-09-26 00:39:51.498 INFO: Epoch 57: head: validation, loss=0.01900879, MAE_E=  510.14 meV, MAE_F=   38.84 meV / A
2025-09-26 00:40:00.628 INFO: Epoch 58: head: train, loss=0.00199431, MAE_E=  498.01 meV, MAE_F=   15.40 meV / A
2025-09-26 00:40:01.797 INFO: Epoch 58: head: validation, loss=0.01881271, MAE_E=  505.89 meV, MAE_F=   38.63 meV / A
2025-09-26 00:40:10.140 INFO: Epoch 59: head: train, loss=0.00193821, MAE_E=  497.71 meV, MAE_F=   15.17 meV / A
2025-09-26 00:40:11.449 INFO: Epoch 59: head: validation, loss=0.01883420, MAE_E=  506.15 meV, MAE_F=   38.60 meV / A
2025-09-26 00:40:19.882 INFO: Epoch 60: head: train, loss=0.00182398, MAE_E=  483.24 meV, MAE_F=   14.71 meV / A
2025-09-26 00:40:21.083 INFO: Epoch 60: head: validation, loss=0.01887706, MAE_E=  493.37 meV, MAE_F=   38.59 meV / A
2025-09-26 00:40:29.537 INFO: Epoch 61: head: train, loss=0.00170046, MAE_E=  465.44 meV, MAE_F=   14.30 meV / A
2025-09-26 00:40:30.685 INFO: Epoch 61: head: validation, loss=0.01885131, MAE_E=  474.42 meV, MAE_F=   38.40 meV / A
2025-09-26 00:40:39.256 INFO: Epoch 62: head: train, loss=0.00164431, MAE_E=  455.21 meV, MAE_F=   14.06 meV / A
2025-09-26 00:40:40.417 INFO: Epoch 62: head: validation, loss=0.01890652, MAE_E=  463.19 meV, MAE_F=   38.37 meV / A
2025-09-26 00:40:48.950 INFO: Epoch 63: head: train, loss=0.00161688, MAE_E=  435.84 meV, MAE_F=   13.99 meV / A
2025-09-26 00:40:50.106 INFO: Epoch 63: head: validation, loss=0.01897959, MAE_E=  443.11 meV, MAE_F=   38.32 meV / A
2025-09-26 00:40:58.328 INFO: Epoch 64: head: train, loss=0.00161333, MAE_E=  448.38 meV, MAE_F=   13.98 meV / A
2025-09-26 00:40:59.334 INFO: Epoch 64: head: validation, loss=0.01891019, MAE_E=  457.23 meV, MAE_F=   38.29 meV / A
2025-09-26 00:41:07.373 INFO: Epoch 65: head: train, loss=0.00165073, MAE_E=  460.92 meV, MAE_F=   14.13 meV / A
2025-09-26 00:41:08.380 INFO: Epoch 65: head: validation, loss=0.01874724, MAE_E=  468.74 meV, MAE_F=   38.12 meV / A
2025-09-26 00:41:16.825 INFO: Epoch 66: head: train, loss=0.00161857, MAE_E=  455.76 meV, MAE_F=   14.03 meV / A
2025-09-26 00:41:18.011 INFO: Epoch 66: head: validation, loss=0.01863808, MAE_E=  465.20 meV, MAE_F=   37.96 meV / A
2025-09-26 00:41:26.484 INFO: Epoch 67: head: train, loss=0.00161711, MAE_E=  450.67 meV, MAE_F=   13.94 meV / A
2025-09-26 00:41:27.718 INFO: Epoch 67: head: validation, loss=0.01870322, MAE_E=  460.21 meV, MAE_F=   37.97 meV / A
2025-09-26 00:41:36.242 INFO: Epoch 68: head: train, loss=0.00153065, MAE_E=  446.31 meV, MAE_F=   13.64 meV / A
2025-09-26 00:41:37.423 INFO: Epoch 68: head: validation, loss=0.01863272, MAE_E=  455.42 meV, MAE_F=   37.78 meV / A
2025-09-26 00:41:45.840 INFO: Epoch 69: head: train, loss=0.00143509, MAE_E=  430.75 meV, MAE_F=   13.21 meV / A
2025-09-26 00:41:46.828 INFO: Epoch 69: head: validation, loss=0.01873069, MAE_E=  438.20 meV, MAE_F=   37.73 meV / A
2025-09-26 00:41:55.263 INFO: Epoch 70: head: train, loss=0.00134077, MAE_E=  408.82 meV, MAE_F=   12.82 meV / A
2025-09-26 00:41:56.435 INFO: Epoch 70: head: validation, loss=0.01885932, MAE_E=  416.90 meV, MAE_F=   37.71 meV / A
2025-09-26 00:42:04.975 INFO: Epoch 71: head: train, loss=0.00130049, MAE_E=  405.23 meV, MAE_F=   12.64 meV / A
2025-09-26 00:42:06.107 INFO: Epoch 71: head: validation, loss=0.01897391, MAE_E=  412.48 meV, MAE_F=   37.72 meV / A
2025-09-26 00:42:14.362 INFO: Epoch 72: head: train, loss=0.00124860, MAE_E=  392.30 meV, MAE_F=   12.45 meV / A
2025-09-26 00:42:15.572 INFO: Epoch 72: head: validation, loss=0.01894689, MAE_E=  401.40 meV, MAE_F=   37.60 meV / A
2025-09-26 00:42:24.112 INFO: Epoch 73: head: train, loss=0.00121136, MAE_E=  382.96 meV, MAE_F=   12.32 meV / A
2025-09-26 00:42:25.143 INFO: Epoch 73: head: validation, loss=0.01900624, MAE_E=  390.73 meV, MAE_F=   37.59 meV / A
2025-09-26 00:42:33.503 INFO: Epoch 74: head: train, loss=0.00118582, MAE_E=  380.70 meV, MAE_F=   12.20 meV / A
2025-09-26 00:42:34.627 INFO: Epoch 74: head: validation, loss=0.01901006, MAE_E=  388.34 meV, MAE_F=   37.61 meV / A
2025-09-26 00:42:43.012 INFO: Epoch 75: head: train, loss=0.00113487, MAE_E=  373.87 meV, MAE_F=   11.95 meV / A
2025-09-26 00:42:44.021 INFO: Epoch 75: head: validation, loss=0.01913533, MAE_E=  381.61 meV, MAE_F=   37.65 meV / A
2025-09-26 00:42:52.699 INFO: Epoch 76: head: train, loss=0.00108791, MAE_E=  361.93 meV, MAE_F=   11.72 meV / A
2025-09-26 00:42:53.838 INFO: Epoch 76: head: validation, loss=0.01915675, MAE_E=  369.53 meV, MAE_F=   37.60 meV / A
2025-09-26 00:43:02.542 INFO: Epoch 77: head: train, loss=0.00109102, MAE_E=  357.23 meV, MAE_F=   11.76 meV / A
2025-09-26 00:43:03.705 INFO: Epoch 77: head: validation, loss=0.01912761, MAE_E=  365.93 meV, MAE_F=   37.48 meV / A
2025-09-26 00:43:12.109 INFO: Epoch 78: head: train, loss=0.00113762, MAE_E=  370.55 meV, MAE_F=   12.01 meV / A
2025-09-26 00:43:13.126 INFO: Epoch 78: head: validation, loss=0.01889946, MAE_E=  379.29 meV, MAE_F=   37.30 meV / A
2025-09-26 00:43:21.465 INFO: Epoch 79: head: train, loss=0.00109762, MAE_E=  362.71 meV, MAE_F=   11.79 meV / A
2025-09-26 00:43:22.566 INFO: Epoch 79: head: validation, loss=0.01890421, MAE_E=  371.77 meV, MAE_F=   37.17 meV / A
2025-09-26 00:43:30.829 INFO: Epoch 80: head: train, loss=0.00102234, MAE_E=  348.95 meV, MAE_F=   11.34 meV / A
2025-09-26 00:43:31.857 INFO: Epoch 80: head: validation, loss=0.01899500, MAE_E=  357.00 meV, MAE_F=   37.16 meV / A
2025-09-26 00:43:40.258 INFO: Epoch 81: head: train, loss=0.00098496, MAE_E=  338.28 meV, MAE_F=   11.18 meV / A
2025-09-26 00:43:41.434 INFO: Epoch 81: head: validation, loss=0.01907402, MAE_E=  346.46 meV, MAE_F=   37.17 meV / A
2025-09-26 00:43:49.879 INFO: Epoch 82: head: train, loss=0.00092595, MAE_E=  323.80 meV, MAE_F=   10.95 meV / A
2025-09-26 00:43:50.859 INFO: Epoch 82: head: validation, loss=0.01911942, MAE_E=  331.93 meV, MAE_F=   37.14 meV / A
2025-09-26 00:43:59.107 INFO: Epoch 83: head: train, loss=0.00095715, MAE_E=  329.27 meV, MAE_F=   11.12 meV / A
2025-09-26 00:44:00.196 INFO: Epoch 83: head: validation, loss=0.01896349, MAE_E=  338.68 meV, MAE_F=   36.97 meV / A
2025-09-26 00:44:08.719 INFO: Epoch 84: head: train, loss=0.00099679, MAE_E=  336.26 meV, MAE_F=   11.22 meV / A
2025-09-26 00:44:09.885 INFO: Epoch 84: head: validation, loss=0.01882975, MAE_E=  343.71 meV, MAE_F=   36.88 meV / A
2025-09-26 00:44:18.320 INFO: Epoch 85: head: train, loss=0.00097766, MAE_E=  336.34 meV, MAE_F=   11.20 meV / A
2025-09-26 00:44:19.305 INFO: Epoch 85: head: validation, loss=0.01886122, MAE_E=  345.11 meV, MAE_F=   36.83 meV / A
2025-09-26 00:44:27.732 INFO: Epoch 86: head: train, loss=0.00090605, MAE_E=  329.35 meV, MAE_F=   10.82 meV / A
2025-09-26 00:44:28.897 INFO: Epoch 86: head: validation, loss=0.01903531, MAE_E=  339.38 meV, MAE_F=   36.90 meV / A
2025-09-26 00:44:37.180 INFO: Epoch 87: head: train, loss=0.00086708, MAE_E=  320.01 meV, MAE_F=   10.61 meV / A
2025-09-26 00:44:38.349 INFO: Epoch 87: head: validation, loss=0.01914399, MAE_E=  328.26 meV, MAE_F=   36.93 meV / A
2025-09-26 00:44:46.675 INFO: Epoch 88: head: train, loss=0.00083539, MAE_E=  311.82 meV, MAE_F=   10.48 meV / A
2025-09-26 00:44:47.685 INFO: Epoch 88: head: validation, loss=0.01913132, MAE_E=  319.20 meV, MAE_F=   36.89 meV / A
2025-09-26 00:44:47.685 INFO: Stopping optimization after 20 epochs without improvement
2025-09-26 00:44:47.685 INFO: Training complete
2025-09-26 00:44:47.689 INFO: 
2025-09-26 00:44:47.690 INFO: ===========FINISHED TRAINING===========
2025-09-26 00:44:47.690 INFO: eveluation
2025-09-26 00:44:47.690 INFO: The scale is [0.63375082] and shift is -0.5486532135325517
2025-09-26 00:44:48.371 INFO: Energy Mean: -41723.583235677084, Variance: 442723900.8566108
2025-09-26 00:44:48.628 INFO: Energy RMSE: 0.6004283428192139
2025-09-26 00:44:48.628 INFO: Energy R2: 0.9999999991856908
2025-09-26 00:44:48.628 INFO: Energy MAE: 0.3661055266857147
2025-09-26 00:44:48.633 INFO: Forces RMSE: 0.13644515175192035
2025-09-26 00:44:48.633 INFO: Forces R2: 0.9850483779828169
2025-09-26 00:44:51.988 INFO: Energy Mean: -41723.61082628038, Variance: 442724801.46385074
2025-09-26 00:44:52.112 INFO: Loading checkpoint: ./bi0_logs//sample_1//checkpoints/bi0_run-123_epoch-68.pt
2025-09-26 00:44:52.160 INFO: Loaded Stage one model from epoch 68 for evaluation
2025-09-26 00:44:52.160 INFO: Saving model to bi0_logs/sample_1/checkpoints/bi0_run-123.model
2025-09-26 00:44:52.327 INFO: Compiling model, saving metadata to bi0_logs/sample_1/bi0_compiled.model
2025-09-26 00:44:52.426 INFO: Done
