2026-01-06 18:14:51.151 INFO: ===========VERIFYING SETTINGS===========
2026-01-06 18:14:51.151 INFO: MACE version: 0.3.13
2026-01-06 18:14:51.152 DEBUG: Configuration: Namespace(name='bi4-6_ens0', seed=2000, work_dir='.', log_dir='ensemble_results/bi4-6_ens0/logs', model_dir='ensemble_results/bi4-6_ens0/models', checkpoints_dir='ensemble_results/bi4-6_ens0/checkpoints', results_dir='ensemble_results/bi4-6_ens0/results', downloads_dir='./downloads', device='cuda', default_dtype='float64', distributed=False, log_level='INFO', error_table=False, model='MACE_with_charge', r_max=9.0, radial_type='bessel', num_radial_basis=8, num_cutoff_basis=5, pair_repulsion=False, distance_transform='None', interaction='RealAgnosticResidualInteractionBlock', interaction_first='RealAgnosticResidualInteractionBlock', max_ell=3, correlation=3, num_interactions=2, MLP_irreps='16x0e', radial_MLP='[64, 64, 64]', hidden_irreps=128x0e+128x1o, num_channels=128, max_L=1, gate='silu', scaling='rms_forces_scaling', avg_num_neighbors=1, compute_avg_num_neighbors=True, compute_stress=False, compute_forces=True, train_file='train.xyz', valid_file='test.xyz', valid_fraction=0.1, test_file='test.xyz', test_dir=None, multi_processed_test=False, num_workers=0, pin_memory=True, atomic_numbers=None, mean=None, std=None, statistics_file='None', E0s='average', foundation_filter_elements=True, heads=None, multiheads_finetuning=True, foundation_head=None, weight_pt_head=1.0, num_samples_pt=10000, force_mh_ft_lr=False, subselect_pt='random', pt_train_file=None, pt_valid_file=None, foundation_model_elements=False, keep_isolated_atoms=False, energy_key='REF_energy', forces_key='REF_forces', virials_key='REF_virials', stress_key='REF_stress', dipole_key='REF_dipole', charges_key='REF_charges', loss='weighted', forces_weight=100.0, energy_weight=1.0, virials_weight=1.0, stress_weight=1.0, dipole_weight=1.0, config_type_weights='{"Default":1.0}', huber_delta=0.01, optimizer='adam', beta=0.9, batch_size=64, valid_batch_size=32, lr=0.01, weight_decay=5e-07, amsgrad=True, scheduler='ReduceLROnPlateau', lr_factor=0.8, scheduler_patience=50, lr_scheduler_gamma=0.9993, ema=False, ema_decay=0.99, max_num_epochs=1000, patience=None, foundation_model=None, foundation_model_readout=True, eval_interval=1000000000, keep_checkpoints=False, save_all_checkpoints=False, restart_latest=False, save_cpu=False, clip_grad=10.0, enable_cueq=False, wandb=False, wandb_dir=None, wandb_project='', wandb_entity='', wandb_name='', swa=False, start_swa=None, swa_lr=0.001, swa_energy_weight=1000.0, swa_forces_weight=100.0, swa_virials_weight=10.0, swa_stress_weight=10.0, swa_dipole_weight=1.0, scale=True, shift=True, enable_cueq_training=False, enable_cueq_inference=False)
2026-01-06 18:14:51.168 INFO: CUDA version: 12.1, CUDA device: 0
2026-01-06 18:14:51.198 DEBUG: Popen(['git', 'version'], cwd=/hkfs/home/project/hk-project-aimat2/hv3694/PAL_MACE/no_al, stdin=None, shell=False, universal_newlines=False)
2026-01-06 18:14:51.203 DEBUG: Popen(['git', 'version'], cwd=/hkfs/home/project/hk-project-aimat2/hv3694/PAL_MACE/no_al, stdin=None, shell=False, universal_newlines=False)
2026-01-06 18:14:51.206 DEBUG: sys.platform='linux', git_executable='git'
2026-01-06 18:14:51.207 DEBUG: Popen(['git', 'cat-file', '--batch-check'], cwd=/hkfs/home/project/hk-project-aimat2/hv3694/PAL_MACE, stdin=<valid stream>, shell=False, universal_newlines=False)
2026-01-06 18:14:51.212 DEBUG: Current Git commit: 903a9dce0b1479248cca887b187f3dadffa8700b
2026-01-06 18:14:51.212 INFO: ===========LOADING INPUT DATA===========
2026-01-06 18:14:51.212 INFO: Using heads: ['Default']
2026-01-06 18:14:51.212 INFO: =============    Processing head Default     ===========
2026-01-06 18:14:51.212 INFO: Total number of configurations: train=630, valid=70, 
2026-01-06 18:14:51.218 INFO: Atomic Numbers used: [83]
2026-01-06 18:14:51.218 INFO: Computing average Atomic Energies using least squares regression
2026-01-06 18:14:51.226 INFO: Atomic Energies used (z: eV) for head Default: {83: -5843.1495120827}
2026-01-06 18:14:51.406 INFO: Computing average number of neighbors
2026-01-06 18:14:51.808 INFO: Average number of neighbors: 3.0
2026-01-06 18:14:51.808 INFO: During training the following quantities will be reported: energy, forces
2026-01-06 18:14:51.809 INFO: ===========MODEL DETAILS===========
2026-01-06 18:14:51.809 INFO: Building model
2026-01-06 18:14:51.809 INFO: Message passing with 128 channels and max_L=1 (128x0e+128x1o)
2026-01-06 18:14:51.809 INFO: 2 layers, each with correlation order: 3 (body order: 4) and spherical harmonics up to: l=3
2026-01-06 18:14:51.809 INFO: 8 radial and 5 basis functions
2026-01-06 18:14:51.809 INFO: Radial cutoff: 9.0 A (total receptive field for each atom: 18.0 A)
2026-01-06 18:14:51.809 INFO: Distance transform for radial basis functions: None
2026-01-06 18:14:51.809 INFO: Hidden irreps: 128x0e+128x1o
2026-01-06 18:14:51.870 INFO: Mean: -0.0016445713432094384, Std: [1.13918933]
2026-01-06 18:14:51.870 INFO: Scale: [1.13918933], Shift: -0.0016445713432094384
2026-01-06 18:14:53.011 DEBUG: ScaleShiftMACE_with_charge(
  (node_embedding): LinearNodeEmbeddingBlockwithcharge(
    (linear): Linear(1x0e -> 128x0e | 128 weights)
    (charge_embed): Linear(in_features=1, out_features=32, bias=True)
    (projection_layer): Linear(in_features=33, out_features=1, bias=True)
  )
  (radial_embedding): RadialEmbeddingBlock(
    (bessel_fn): BesselBasis(r_max=9.0, num_basis=8, trainable=False)
    (cutoff_fn): PolynomialCutoff(p=5, r_max=9.0)
  )
  (spherical_harmonics): SphericalHarmonics()
  (atomic_energies_fn): AtomicEnergiesBlock(energies=[[-5843.1495]])
  (interactions): ModuleList(
    (0): RealAgnosticResidualInteractionBlock(
      (linear_up): Linear(128x0e -> 128x0e | 16384 weights)
      (conv_tp): TensorProduct(128x0e x 1x0e+1x1o+1x2e+1x3o -> 128x0e+128x1o+128x2e+128x3o | 512 paths | 512 weights)
      (conv_tp_weights): FullyConnectedNet[8, 64, 64, 64, 512]
      (linear): Linear(128x0e+128x1o+128x2e+128x3o -> 128x0e+128x1o+128x2e+128x3o | 65536 weights)
      (skip_tp): FullyConnectedTensorProduct(128x0e x 1x0e -> 128x0e+128x1o | 16384 paths | 16384 weights)
      (reshape): reshape_irreps()
    )
    (1): RealAgnosticResidualInteractionBlock(
      (linear_up): Linear(128x0e+128x1o -> 128x0e+128x1o | 32768 weights)
      (conv_tp): TensorProduct(128x0e+128x1o x 1x0e+1x1o+1x2e+1x3o -> 256x0e+384x1o+384x2e+256x3o | 1280 paths | 1280 weights)
      (conv_tp_weights): FullyConnectedNet[8, 64, 64, 64, 1280]
      (linear): Linear(128x0e+128x0e+128x1o+128x1o+128x1o+128x2e+128x2e+128x2e+128x3o+128x3o -> 128x0e+128x1o+128x2e+128x3o | 163840 weights)
      (skip_tp): FullyConnectedTensorProduct(128x0e+128x1o x 1x0e -> 128x0e | 16384 paths | 16384 weights)
      (reshape): reshape_irreps()
    )
  )
  (products): ModuleList(
    (0): EquivariantProductBasisBlock(
      (symmetric_contractions): SymmetricContraction(
        (contractions): ModuleList(
          (0): Contraction(
            (contractions_weighting): ModuleList(
              (0-1): 2 x GraphModule()
            )
            (contractions_features): ModuleList(
              (0-1): 2 x GraphModule()
            )
            (weights): ParameterList(
                (0): Parameter containing: [torch.float64 of size 1x4x128 (cuda:0)]
                (1): Parameter containing: [torch.float64 of size 1x1x128 (cuda:0)]
            )
            (graph_opt_main): GraphModule()
          )
          (1): Contraction(
            (contractions_weighting): ModuleList(
              (0-1): 2 x GraphModule()
            )
            (contractions_features): ModuleList(
              (0-1): 2 x GraphModule()
            )
            (weights): ParameterList(
                (0): Parameter containing: [torch.float64 of size 1x6x128 (cuda:0)]
                (1): Parameter containing: [torch.float64 of size 1x1x128 (cuda:0)]
            )
            (graph_opt_main): GraphModule()
          )
        )
      )
      (linear): Linear(128x0e+128x1o -> 128x0e+128x1o | 32768 weights)
    )
    (1): EquivariantProductBasisBlock(
      (symmetric_contractions): SymmetricContraction(
        (contractions): ModuleList(
          (0): Contraction(
            (contractions_weighting): ModuleList(
              (0-1): 2 x GraphModule()
            )
            (contractions_features): ModuleList(
              (0-1): 2 x GraphModule()
            )
            (weights): ParameterList(
                (0): Parameter containing: [torch.float64 of size 1x4x128 (cuda:0)]
                (1): Parameter containing: [torch.float64 of size 1x1x128 (cuda:0)]
            )
            (graph_opt_main): GraphModule()
          )
        )
      )
      (linear): Linear(128x0e -> 128x0e | 16384 weights)
    )
  )
  (readouts): ModuleList(
    (0): LinearReadoutBlock(
      (linear): Linear(128x0e+128x1o -> 1x0e | 128 weights)
    )
    (1): NonLinearReadoutBlock(
      (linear_1): Linear(128x0e -> 16x0e | 2048 weights)
      (non_linearity): Activation [x] (16x0e -> 16x0e)
      (linear_2): Linear(16x0e -> 1x0e | 16 weights)
    )
  )
  (scale_shift): ScaleShiftBlock(scale=1.1392, shift=-0.0016)
  (charge_embed): Linear(in_features=1, out_features=32, bias=True)
)
2026-01-06 18:14:53.012 INFO: Total number of parameters: 509618
2026-01-06 18:14:53.013 INFO: 
2026-01-06 18:14:53.013 INFO: ===========OPTIMIZER INFORMATION===========
2026-01-06 18:14:53.013 INFO: Using ADAM as parameter optimizer
2026-01-06 18:14:53.013 INFO: Batch size: 64
2026-01-06 18:14:53.013 INFO: Number of gradient updates: 9843
2026-01-06 18:14:53.013 INFO: Learning rate: 0.01, weight decay: 5e-07
2026-01-06 18:14:53.013 INFO: WeightedEnergyForcesLoss(energy_weight=1.000, forces_weight=100.000)
2026-01-06 18:14:53.014 INFO: Using gradient clipping with tolerance=10.000
2026-01-06 18:14:53.014 INFO: 
2026-01-06 18:14:53.014 INFO: ===========TRAINING===========
2026-01-06 18:14:53.014 INFO: Started training, reporting errors on validation set
2026-01-06 18:14:53.014 INFO: Loss metrics on validation set
2026-01-06 18:15:04.569 DEBUG: Saving checkpoint: ensemble_results/bi4-6_ens0/checkpoints/bi4-6_ens0_run-2000_epoch-0.pt
