2026-01-06 18:14:51.151 INFO: ===========VERIFYING SETTINGS===========
2026-01-06 18:14:51.151 INFO: MACE version: 0.3.13
2026-01-06 18:14:51.168 INFO: CUDA version: 12.1, CUDA device: 0
2026-01-06 18:14:51.212 INFO: ===========LOADING INPUT DATA===========
2026-01-06 18:14:51.212 INFO: Using heads: ['Default']
2026-01-06 18:14:51.212 INFO: =============    Processing head Default     ===========
2026-01-06 18:14:51.212 INFO: Total number of configurations: train=630, valid=70, 
2026-01-06 18:14:51.218 INFO: Atomic Numbers used: [83]
2026-01-06 18:14:51.218 INFO: Computing average Atomic Energies using least squares regression
2026-01-06 18:14:51.226 INFO: Atomic Energies used (z: eV) for head Default: {83: -5843.1495120827}
2026-01-06 18:14:51.406 INFO: Computing average number of neighbors
2026-01-06 18:14:51.808 INFO: Average number of neighbors: 3.0
2026-01-06 18:14:51.808 INFO: During training the following quantities will be reported: energy, forces
2026-01-06 18:14:51.809 INFO: ===========MODEL DETAILS===========
2026-01-06 18:14:51.809 INFO: Building model
2026-01-06 18:14:51.809 INFO: Message passing with 128 channels and max_L=1 (128x0e+128x1o)
2026-01-06 18:14:51.809 INFO: 2 layers, each with correlation order: 3 (body order: 4) and spherical harmonics up to: l=3
2026-01-06 18:14:51.809 INFO: 8 radial and 5 basis functions
2026-01-06 18:14:51.809 INFO: Radial cutoff: 9.0 A (total receptive field for each atom: 18.0 A)
2026-01-06 18:14:51.809 INFO: Distance transform for radial basis functions: None
2026-01-06 18:14:51.809 INFO: Hidden irreps: 128x0e+128x1o
2026-01-06 18:14:51.870 INFO: Mean: -0.0016445713432094384, Std: [1.13918933]
2026-01-06 18:14:51.870 INFO: Scale: [1.13918933], Shift: -0.0016445713432094384
2026-01-06 18:14:53.012 INFO: Total number of parameters: 509618
2026-01-06 18:14:53.013 INFO: 
2026-01-06 18:14:53.013 INFO: ===========OPTIMIZER INFORMATION===========
2026-01-06 18:14:53.013 INFO: Using ADAM as parameter optimizer
2026-01-06 18:14:53.013 INFO: Batch size: 64
2026-01-06 18:14:53.013 INFO: Number of gradient updates: 9843
2026-01-06 18:14:53.013 INFO: Learning rate: 0.01, weight decay: 5e-07
2026-01-06 18:14:53.013 INFO: WeightedEnergyForcesLoss(energy_weight=1.000, forces_weight=100.000)
2026-01-06 18:14:53.014 INFO: Using gradient clipping with tolerance=10.000
2026-01-06 18:14:53.014 INFO: 
2026-01-06 18:14:53.014 INFO: ===========TRAINING===========
2026-01-06 18:14:53.014 INFO: Started training, reporting errors on validation set
2026-01-06 18:14:53.014 INFO: Loss metrics on validation set
